2026-03-31 04:15:42 +0000  Initial pipeline context: <IDEDistributionProcessingPipelineContext: 0xcbd332d00; archive(resolved)="<IDEArchive: 0xc97400310>", distributionTask(resolved)="2", distributionDestination(resolved)="1", distributionMethod(resolved)="<IDEDistributionMethodDevelopmentSignedMac: 0xcbd2ee980>", team(resolved)="<IDEProvisioningDisambiguatableBasicTeam: 0xca5117e40; teamID='LMMY392DLM', teamName='Kyle Worrall', teamType='Individual', username='kyleworrall54@gmail.com', isFreeProvisioningTeam='0'>">
	Chain (13, self inclusive):
	<IDEDistributionProcessingPipelineContext: 0xcbd332d00; archive = "<IDEArchive: 0xc97400310>", distributionMethod="<IDEDistributionMethodDevelopmentSignedMac: 0xcbd2ee980>", team="<IDEProvisioningDisambiguatableBasicTeam: 0xca5117e40; teamID='LMMY392DLM', teamName='Kyle Worrall', teamType='Individual', username='kyleworrall54@gmail.com', isFreeProvisioningTeam='0'>">
	<IDEDistributionProcessingPipelineContext: 0xcbd333600; archive = "<IDEArchive: 0xc97400310>", distributionMethod="<IDEDistributionMethodDevelopmentSignedMac: 0xcbd2ee980>", team="<IDEProvisioningDisambiguatableBasicTeam: 0xca5117e40; teamID='LMMY392DLM', teamName='Kyle Worrall', teamType='Individual', username='kyleworrall54@gmail.com', isFreeProvisioningTeam='0'>">
	<IDEDistributionContext: 0xc9b641e00; archive = "<IDEArchive: 0xc97400310>", distributionMethod="<IDEDistributionMethodDevelopmentSignedMac: 0xcbd2ee980>", team="<IDEProvisioningDisambiguatableBasicTeam: 0xca5117e40; teamID='LMMY392DLM', teamName='Kyle Worrall', teamType='Individual', username='kyleworrall54@gmail.com', isFreeProvisioningTeam='0'>">
	<IDEDistributionContext: 0xc978c9180; archive = "<IDEArchive: 0xc97400310>", distributionMethod="<IDEDistributionMethodDevelopmentSignedMac: 0xcbd2ee980>", team="<IDEProvisioningDisambiguatableBasicTeam: 0xca5117e40; teamID='LMMY392DLM', teamName='Kyle Worrall', teamType='Individual', username='kyleworrall54@gmail.com', isFreeProvisioningTeam='0'>">
	<IDEDistributionContext: 0xc978c8a00; archive = "<IDEArchive: 0xc97400310>", distributionMethod="<IDEDistributionMethodDevelopmentSignedMac: 0xcbd2ee980>", team="<IDEProvisioningDisambiguatableBasicTeam: 0xca5117e40; teamID='LMMY392DLM', teamName='Kyle Worrall', teamType='Individual', username='kyleworrall54@gmail.com', isFreeProvisioningTeam='0'>">
	<IDEDistributionContext: 0xc978c9e00; archive = "<IDEArchive: 0xc97400310>", distributionMethod="<IDEDistributionMethodDevelopmentSignedMac: 0xcbd2ee980>", team="<IDEProvisioningDisambiguatableBasicTeam: 0xca5117e40; teamID='LMMY392DLM', teamName='Kyle Worrall', teamType='Individual', username='kyleworrall54@gmail.com', isFreeProvisioningTeam='0'>">
	<IDEDistributionContext: 0xc978cb980; archive = "<IDEArchive: 0xc97400310>", distributionMethod="<IDEDistributionMethodDevelopmentSignedMac: 0xcbd2ee980>", team="<IDEProvisioningDisambiguatableBasicTeam: 0xca5117e40; teamID='LMMY392DLM', teamName='Kyle Worrall', teamType='Individual', username='kyleworrall54@gmail.com', isFreeProvisioningTeam='0'>">
	<IDEDistributionContext: 0xc978cb700; archive = "<IDEArchive: 0xc97400310>", distributionMethod="<IDEDistributionMethodDevelopmentSignedMac: 0xcbd2ee980>", team="<IDEProvisioningDisambiguatableBasicTeam: 0xca5117e40; teamID='LMMY392DLM', teamName='Kyle Worrall', teamType='Individual', username='kyleworrall54@gmail.com', isFreeProvisioningTeam='0'>">
	<IDEDistributionContext: 0xc978c8780; archive = "<IDEArchive: 0xc97400310>", distributionMethod="<IDEDistributionMethodDevelopmentSignedMac: 0xcbd2ee980>", team="(null)">
	<IDEDistributionContext: 0xc978ca300; archive = "<IDEArchive: 0xc97400310>", distributionMethod="<IDEDistributionMethodDevelopmentSignedMac: 0xcbd2ee980>", team="(null)">
	<IDEDistributionContext: 0xc98214280; archive = "<IDEArchive: 0xc97400310>", distributionMethod="(null)", team="(null)">
	<IDEDistributionContext: 0xc976b1400; archive = "<IDEArchive: 0xc97400310>", distributionMethod="(null)", team="(null)">
	<IDEDistributionContext: 0xc976b0c80; archive = "<IDEArchive: 0xc97400310>", distributionMethod="(null)", team="(null)">
</IDEDistributionProcessingPipelineContext: 0xcbd332d00>
2026-03-31 04:15:42 +0000  Processing step: IDEDistributionCreateDestRootStep
2026-03-31 04:15:42 +0000  Processing step: IDEDistributionCopyItemStep
2026-03-31 04:15:42 +0000  Running /usr/bin/ditto '-V' '/Users/kyle/Library/Developer/Xcode/Archives/2026-03-30/Thaw 3-30-26, 9.15 PM.xcarchive/Products/Applications/Thaw.app' '/var/folders/tk/m7w56jsn3s5977k8h5yc6nyh0000gn/T/XcodeDistPipeline.~~~L33FxR/Root/Applications/Thaw.app'
2026-03-31 04:15:42 +0000  >>> Copying /Users/kyle/Library/Developer/Xcode/Archives/2026-03-30/Thaw 3-30-26, 9.15 PM.xcarchive/Products/Applications/Thaw.app 
2026-03-31 04:15:42 +0000  copying file ./Contents/_CodeSignature/CodeResources ... 
2026-03-31 04:15:42 +0000  17063 bytes for ./Contents/_CodeSignature/CodeResources
2026-03-31 04:15:42 +0000  copying file ./Contents/MacOS/Thaw ... 
2026-03-31 04:15:42 +0000  6853600 bytes for ./Contents/MacOS/Thaw
2026-03-31 04:15:42 +0000  copying file ./Contents/Resources/de.lproj/Localizable.strings ... 
2026-03-31 04:15:42 +0000  51150 bytes for ./Contents/Resources/de.lproj/Localizable.strings
2026-03-31 04:15:42 +0000  copying file ./Contents/Resources/de.lproj/Localizable.stringsdict ... 
2026-03-31 04:15:42 +0000  1978 bytes for ./Contents/Resources/de.lproj/Localizable.stringsdict
2026-03-31 04:15:42 +0000  copying file ./Contents/Resources/zh-Hans.lproj/Localizable.strings ... 
2026-03-31 04:15:42 +0000  36644 bytes for ./Contents/Resources/zh-Hans.lproj/Localizable.strings
2026-03-31 04:15:42 +0000  copying file ./Contents/Resources/zh-Hans.lproj/Localizable.stringsdict ... 
2026-03-31 04:15:42 +0000  1748 bytes for ./Contents/Resources/zh-Hans.lproj/Localizable.stringsdict
2026-03-31 04:15:42 +0000  copying file ./Contents/Resources/ja.lproj/Localizable.strings ... 
2026-03-31 04:15:42 +0000  39792 bytes for ./Contents/Resources/ja.lproj/Localizable.strings
2026-03-31 04:15:42 +0000  copying file ./Contents/Resources/ja.lproj/Localizable.stringsdict ... 
2026-03-31 04:15:42 +0000  1748 bytes for ./Contents/Resources/ja.lproj/Localizable.stringsdict
2026-03-31 04:15:42 +0000  copying file ./Contents/Resources/en.lproj/Localizable.stringsdict ... 
2026-03-31 04:15:42 +0000  1970 bytes for ./Contents/Resources/en.lproj/Localizable.stringsdict
2026-03-31 04:15:42 +0000  copying file ./Contents/Resources/Acknowledgements.pdf ... 
2026-03-31 04:15:42 +0000  72837 bytes for ./Contents/Resources/Acknowledgements.pdf
2026-03-31 04:15:42 +0000  copying file ./Contents/Resources/es.lproj/Localizable.strings ... 
2026-03-31 04:15:42 +0000  50928 bytes for ./Contents/Resources/es.lproj/Localizable.strings
2026-03-31 04:15:42 +0000  copying file ./Contents/Resources/es.lproj/Localizable.stringsdict ... 
2026-03-31 04:15:42 +0000  1978 bytes for ./Contents/Resources/es.lproj/Localizable.stringsdict
2026-03-31 04:15:42 +0000  copying file ./Contents/Resources/it.lproj/Localizable.strings ... 
2026-03-31 04:15:42 +0000  52488 bytes for ./Contents/Resources/it.lproj/Localizable.strings
2026-03-31 04:15:42 +0000  copying file ./Contents/Resources/it.lproj/Localizable.stringsdict ... 
2026-03-31 04:15:42 +0000  1974 bytes for ./Contents/Resources/it.lproj/Localizable.stringsdict
2026-03-31 04:15:42 +0000  copying file ./Contents/Resources/Acknowledgements.rtf ... 
2026-03-31 04:15:42 +0000  11372 bytes for ./Contents/Resources/Acknowledgements.rtf
2026-03-31 04:15:42 +0000  copying file ./Contents/Resources/cs.lproj/Localizable.strings ... 
2026-03-31 04:15:42 +0000  48896 bytes for ./Contents/Resources/cs.lproj/Localizable.strings
2026-03-31 04:15:42 +0000  copying file ./Contents/Resources/cs.lproj/Localizable.stringsdict ... 
2026-03-31 04:15:42 +0000  2374 bytes for ./Contents/Resources/cs.lproj/Localizable.stringsdict
2026-03-31 04:15:42 +0000  copying file ./Contents/Resources/AppIcon.icns ... 
2026-03-31 04:15:42 +0000  58943 bytes for ./Contents/Resources/AppIcon.icns
2026-03-31 04:15:42 +0000  copying file ./Contents/Resources/ko.lproj/Localizable.strings ... 
2026-03-31 04:15:42 +0000  39782 bytes for ./Contents/Resources/ko.lproj/Localizable.strings
2026-03-31 04:15:42 +0000  copying file ./Contents/Resources/ko.lproj/Localizable.stringsdict ... 
2026-03-31 04:15:42 +0000  1748 bytes for ./Contents/Resources/ko.lproj/Localizable.stringsdict
2026-03-31 04:15:42 +0000  copying file ./Contents/Resources/zh-Hant.lproj/Localizable.strings ... 
2026-03-31 04:15:42 +0000  36610 bytes for ./Contents/Resources/zh-Hant.lproj/Localizable.strings
2026-03-31 04:15:42 +0000  copying file ./Contents/Resources/zh-Hant.lproj/Localizable.stringsdict ... 
2026-03-31 04:15:42 +0000  1748 bytes for ./Contents/Resources/zh-Hant.lproj/Localizable.stringsdict
2026-03-31 04:15:42 +0000  copying file ./Contents/Resources/hu.lproj/Localizable.strings ... 
2026-03-31 04:15:42 +0000  38482 bytes for ./Contents/Resources/hu.lproj/Localizable.strings
2026-03-31 04:15:42 +0000  copying file ./Contents/Resources/hu.lproj/Localizable.stringsdict ... 
2026-03-31 04:15:42 +0000  1990 bytes for ./Contents/Resources/hu.lproj/Localizable.stringsdict
2026-03-31 04:15:42 +0000  copying file ./Contents/Resources/Assets.car ... 
2026-03-31 04:15:42 +0000  479496 bytes for ./Contents/Resources/Assets.car
2026-03-31 04:15:42 +0000  copying file ./Contents/Resources/tr.lproj/Localizable.strings ... 
2026-03-31 04:15:42 +0000  48050 bytes for ./Contents/Resources/tr.lproj/Localizable.strings
2026-03-31 04:15:42 +0000  copying file ./Contents/Resources/tr.lproj/Localizable.stringsdict ... 
2026-03-31 04:15:42 +0000  1966 bytes for ./Contents/Resources/tr.lproj/Localizable.stringsdict
2026-03-31 04:15:42 +0000  copying file ./Contents/Resources/pt-BR.lproj/Localizable.strings ... 
2026-03-31 04:15:42 +0000  50196 bytes for ./Contents/Resources/pt-BR.lproj/Localizable.strings
2026-03-31 04:15:42 +0000  copying file ./Contents/Resources/pt-BR.lproj/Localizable.stringsdict ... 
2026-03-31 04:15:42 +0000  1978 bytes for ./Contents/Resources/pt-BR.lproj/Localizable.stringsdict
2026-03-31 04:15:42 +0000  copying file ./Contents/Resources/ru.lproj/Localizable.strings ... 
2026-03-31 04:15:42 +0000  49096 bytes for ./Contents/Resources/ru.lproj/Localizable.strings
2026-03-31 04:15:42 +0000  copying file ./Contents/Resources/ru.lproj/Localizable.stringsdict ... 
2026-03-31 04:15:42 +0000  2378 bytes for ./Contents/Resources/ru.lproj/Localizable.stringsdict
2026-03-31 04:15:42 +0000  copying file ./Contents/Resources/CompactSlider_CompactSlider.bundle/Contents/Resources/PrivacyInfo.xcprivacy ... 
2026-03-31 04:15:42 +0000  373 bytes for ./Contents/Resources/CompactSlider_CompactSlider.bundle/Contents/Resources/PrivacyInfo.xcprivacy
2026-03-31 04:15:42 +0000  copying file ./Contents/Resources/CompactSlider_CompactSlider.bundle/Contents/Info.plist ... 
2026-03-31 04:15:42 +0000  1149 bytes for ./Contents/Resources/CompactSlider_CompactSlider.bundle/Contents/Info.plist
2026-03-31 04:15:42 +0000  copying file ./Contents/Resources/fr.lproj/Localizable.strings ... 
2026-03-31 04:15:42 +0000  53034 bytes for ./Contents/Resources/fr.lproj/Localizable.strings
2026-03-31 04:15:42 +0000  copying file ./Contents/Resources/fr.lproj/Localizable.stringsdict ... 
2026-03-31 04:15:42 +0000  1978 bytes for ./Contents/Resources/fr.lproj/Localizable.stringsdict
2026-03-31 04:15:42 +0000  copying file ./Contents/Resources/id.lproj/Localizable.strings ... 
2026-03-31 04:15:42 +0000  48222 bytes for ./Contents/Resources/id.lproj/Localizable.strings
2026-03-31 04:15:42 +0000  copying file ./Contents/Resources/id.lproj/Localizable.stringsdict ... 
2026-03-31 04:15:42 +0000  1958 bytes for ./Contents/Resources/id.lproj/Localizable.stringsdict
2026-03-31 04:15:42 +0000  copying file ./Contents/Resources/nl.lproj/Localizable.strings ... 
2026-03-31 04:15:42 +0000  50544 bytes for ./Contents/Resources/nl.lproj/Localizable.strings
2026-03-31 04:15:42 +0000  copying file ./Contents/Resources/nl.lproj/Localizable.stringsdict ... 
2026-03-31 04:15:42 +0000  1978 bytes for ./Contents/Resources/nl.lproj/Localizable.stringsdict
2026-03-31 04:15:42 +0000  copying file ./Contents/Resources/th.lproj/Localizable.strings ... 
2026-03-31 04:15:42 +0000  45996 bytes for ./Contents/Resources/th.lproj/Localizable.strings
2026-03-31 04:15:42 +0000  copying file ./Contents/Resources/th.lproj/Localizable.stringsdict ... 
2026-03-31 04:15:42 +0000  1768 bytes for ./Contents/Resources/th.lproj/Localizable.stringsdict
2026-03-31 04:15:42 +0000  copying file ./Contents/XPCServices/MenuBarItemService.xpc/Contents/_CodeSignature/CodeResources ... 
2026-03-31 04:15:42 +0000  2200 bytes for ./Contents/XPCServices/MenuBarItemService.xpc/Contents/_CodeSignature/CodeResources
2026-03-31 04:15:42 +0000  copying file ./Contents/XPCServices/MenuBarItemService.xpc/Contents/MacOS/MenuBarItemService ... 
2026-03-31 04:15:42 +0000  544864 bytes for ./Contents/XPCServices/MenuBarItemService.xpc/Contents/MacOS/MenuBarItemService
2026-03-31 04:15:42 +0000  copying file ./Contents/XPCServices/MenuBarItemService.xpc/Contents/Info.plist ... 
2026-03-31 04:15:42 +0000  1648 bytes for ./Contents/XPCServices/MenuBarItemService.xpc/Contents/Info.plist
2026-03-31 04:15:42 +0000  copying symlink ./Contents/Frameworks/Sparkle.framework/Resources ... 
2026-03-31 04:15:42 +0000  linked ./Contents/Frameworks/Sparkle.framework/Resources
2026-03-31 04:15:42 +0000  copying symlink ./Contents/Frameworks/Sparkle.framework/Versions/Current ... 
2026-03-31 04:15:42 +0000  linked ./Contents/Frameworks/Sparkle.framework/Versions/Current
2026-03-31 04:15:42 +0000  copying file ./Contents/Frameworks/Sparkle.framework/Versions/B/_CodeSignature/CodeResources ... 
2026-03-31 04:15:42 +0000  17887 bytes for ./Contents/Frameworks/Sparkle.framework/Versions/B/_CodeSignature/CodeResources
2026-03-31 04:15:42 +0000  copying file ./Contents/Frameworks/Sparkle.framework/Versions/B/Resources/de.lproj/Sparkle.strings ... 
2026-03-31 04:15:42 +0000  11559 bytes for ./Contents/Frameworks/Sparkle.framework/Versions/B/Resources/de.lproj/Sparkle.strings
2026-03-31 04:15:42 +0000  copying file ./Contents/Frameworks/Sparkle.framework/Versions/B/Resources/he.lproj/Sparkle.strings ... 
2026-03-31 04:15:42 +0000  9657 bytes for ./Contents/Frameworks/Sparkle.framework/Versions/B/Resources/he.lproj/Sparkle.strings
2026-03-31 04:15:42 +0000  copying file ./Contents/Frameworks/Sparkle.framework/Versions/B/Resources/ar.lproj/Sparkle.strings ... 
2026-03-31 04:15:42 +0000  3554 bytes for ./Contents/Frameworks/Sparkle.framework/Versions/B/Resources/ar.lproj/Sparkle.strings
2026-03-31 04:15:42 +0000  copying file ./Contents/Frameworks/Sparkle.framework/Versions/B/Resources/el.lproj/Sparkle.strings ... 
2026-03-31 04:15:42 +0000  5934 bytes for ./Contents/Frameworks/Sparkle.framework/Versions/B/Resources/el.lproj/Sparkle.strings
2026-03-31 04:15:42 +0000  copying file ./Contents/Frameworks/Sparkle.framework/Versions/B/Resources/ja.lproj/Sparkle.strings ... 
2026-03-31 04:15:42 +0000  8697 bytes for ./Contents/Frameworks/Sparkle.framework/Versions/B/Resources/ja.lproj/Sparkle.strings
2026-03-31 04:15:42 +0000  copying file ./Contents/Frameworks/Sparkle.framework/Versions/B/Resources/fa.lproj/Sparkle.strings ... 
2026-03-31 04:15:42 +0000  5716 bytes for ./Contents/Frameworks/Sparkle.framework/Versions/B/Resources/fa.lproj/Sparkle.strings
2026-03-31 04:15:42 +0000  copying file ./Contents/Frameworks/Sparkle.framework/Versions/B/Resources/uk.lproj/Sparkle.strings ... 
2026-03-31 04:15:42 +0000  5842 bytes for ./Contents/Frameworks/Sparkle.framework/Versions/B/Resources/uk.lproj/Sparkle.strings
2026-03-31 04:15:42 +0000  copying file ./Contents/Frameworks/Sparkle.framework/Versions/B/Resources/zh_CN.lproj/Sparkle.strings ... 
2026-03-31 04:15:42 +0000  7475 bytes for ./Contents/Frameworks/Sparkle.framework/Versions/B/Resources/zh_CN.lproj/Sparkle.strings
2026-03-31 04:15:42 +0000  copying file ./Contents/Frameworks/Sparkle.framework/Versions/B/Resources/nb.lproj/Sparkle.strings ... 
2026-03-31 04:15:42 +0000  5539 bytes for ./Contents/Frameworks/Sparkle.framework/Versions/B/Resources/nb.lproj/Sparkle.strings
2026-03-31 04:15:42 +0000  copying file ./Contents/Frameworks/Sparkle.framework/Versions/B/Resources/es.lproj/Sparkle.strings ... 
2026-03-31 04:15:42 +0000  7040 bytes for ./Contents/Frameworks/Sparkle.framework/Versions/B/Resources/es.lproj/Sparkle.strings
2026-03-31 04:15:42 +0000  copying file ./Contents/Frameworks/Sparkle.framework/Versions/B/Resources/is.lproj/Sparkle.strings ... 
2026-03-31 04:15:42 +0000  3954 bytes for ./Contents/Frameworks/Sparkle.framework/Versions/B/Resources/is.lproj/Sparkle.strings
2026-03-31 04:15:42 +0000  copying file ./Contents/Frameworks/Sparkle.framework/Versions/B/Resources/sl.lproj/Sparkle.strings ... 
2026-03-31 04:15:42 +0000  5646 bytes for ./Contents/Frameworks/Sparkle.framework/Versions/B/Resources/sl.lproj/Sparkle.strings
2026-03-31 04:15:42 +0000  copying file ./Contents/Frameworks/Sparkle.framework/Versions/B/Resources/da.lproj/Sparkle.strings ... 
2026-03-31 04:15:42 +0000  4882 bytes for ./Contents/Frameworks/Sparkle.framework/Versions/B/Resources/da.lproj/Sparkle.strings
2026-03-31 04:15:42 +0000  copying file ./Contents/Frameworks/Sparkle.framework/Versions/B/Resources/it.lproj/Sparkle.strings ... 
2026-03-31 04:15:42 +0000  10956 bytes for ./Contents/Frameworks/Sparkle.framework/Versions/B/Resources/it.lproj/Sparkle.strings
2026-03-31 04:15:42 +0000  copying file ./Contents/Frameworks/Sparkle.framework/Versions/B/Resources/sk.lproj/Sparkle.strings ... 
2026-03-31 04:15:42 +0000  5675 bytes for ./Contents/Frameworks/Sparkle.framework/Versions/B/Resources/sk.lproj/Sparkle.strings
2026-03-31 04:15:42 +0000  copying file ./Contents/Frameworks/Sparkle.framework/Versions/B/Resources/sv.lproj/Sparkle.strings ... 
2026-03-31 04:15:42 +0000  5160 bytes for ./Contents/Frameworks/Sparkle.framework/Versions/B/Resources/sv.lproj/Sparkle.strings
2026-03-31 04:15:42 +0000  copying file ./Contents/Frameworks/Sparkle.framework/Versions/B/Resources/ReleaseNotesColorStyle.css ... 
2026-03-31 04:15:42 +0000  231 bytes for ./Contents/Frameworks/Sparkle.framework/Versions/B/Resources/ReleaseNotesColorStyle.css
2026-03-31 04:15:42 +0000  copying file ./Contents/Frameworks/Sparkle.framework/Versions/B/Resources/cs.lproj/Sparkle.strings ... 
2026-03-31 04:15:42 +0000  10774 bytes for ./Contents/Frameworks/Sparkle.framework/Versions/B/Resources/cs.lproj/Sparkle.strings
2026-03-31 04:15:42 +0000  copying file ./Contents/Frameworks/Sparkle.framework/Versions/B/Resources/ko.lproj/Sparkle.strings ... 
2026-03-31 04:15:42 +0000  7797 bytes for ./Contents/Frameworks/Sparkle.framework/Versions/B/Resources/ko.lproj/Sparkle.strings
2026-03-31 04:15:42 +0000  copying file ./Contents/Frameworks/Sparkle.framework/Versions/B/Resources/Base.lproj/Sparkle.strings ... 
2026-03-31 04:15:42 +0000  6249 bytes for ./Contents/Frameworks/Sparkle.framework/Versions/B/Resources/Base.lproj/Sparkle.strings
2026-03-31 04:15:42 +0000  copying file ./Contents/Frameworks/Sparkle.framework/Versions/B/Resources/hu.lproj/Sparkle.strings ... 
2026-03-31 04:15:42 +0000  4449 bytes for ./Contents/Frameworks/Sparkle.framework/Versions/B/Resources/hu.lproj/Sparkle.strings
2026-03-31 04:15:42 +0000  copying file ./Contents/Frameworks/Sparkle.framework/Versions/B/Resources/zh_HK.lproj/Sparkle.strings ... 
2026-03-31 04:15:42 +0000  6469 bytes for ./Contents/Frameworks/Sparkle.framework/Versions/B/Resources/zh_HK.lproj/Sparkle.strings
2026-03-31 04:15:42 +0000  copying file ./Contents/Frameworks/Sparkle.framework/Versions/B/Resources/tr.lproj/Sparkle.strings ... 
2026-03-31 04:15:42 +0000  6183 bytes for ./Contents/Frameworks/Sparkle.framework/Versions/B/Resources/tr.lproj/Sparkle.strings
2026-03-31 04:15:42 +0000  copying file ./Contents/Frameworks/Sparkle.framework/Versions/B/Resources/pl.lproj/Sparkle.strings ... 
2026-03-31 04:15:42 +0000  5453 bytes for ./Contents/Frameworks/Sparkle.framework/Versions/B/Resources/pl.lproj/Sparkle.strings
2026-03-31 04:15:42 +0000  copying file ./Contents/Frameworks/Sparkle.framework/Versions/B/Resources/zh_TW.lproj/Sparkle.strings ... 
2026-03-31 04:15:42 +0000  7625 bytes for ./Contents/Frameworks/Sparkle.framework/Versions/B/Resources/zh_TW.lproj/Sparkle.strings
2026-03-31 04:15:42 +0000  copying file ./Contents/Frameworks/Sparkle.framework/Versions/B/Resources/pt-BR.lproj/Sparkle.strings ... 
2026-03-31 04:15:42 +0000  9976 bytes for ./Contents/Frameworks/Sparkle.framework/Versions/B/Resources/pt-BR.lproj/Sparkle.strings
2026-03-31 04:15:42 +0000  copying file ./Contents/Frameworks/Sparkle.framework/Versions/B/Resources/vi.lproj/Sparkle.strings ... 
2026-03-31 04:15:42 +0000  12418 bytes for ./Contents/Frameworks/Sparkle.framework/Versions/B/Resources/vi.lproj/Sparkle.strings
2026-03-31 04:15:42 +0000  copying file ./Contents/Frameworks/Sparkle.framework/Versions/B/Resources/ru.lproj/Sparkle.strings ... 
2026-03-31 04:15:42 +0000  5784 bytes for ./Contents/Frameworks/Sparkle.framework/Versions/B/Resources/ru.lproj/Sparkle.strings
2026-03-31 04:15:42 +0000  copying file ./Contents/Frameworks/Sparkle.framework/Versions/B/Resources/SUUpdatePermissionPrompt.nib/keyedobjects-110000.nib ... 
2026-03-31 04:15:42 +0000  25396 bytes for ./Contents/Frameworks/Sparkle.framework/Versions/B/Resources/SUUpdatePermissionPrompt.nib/keyedobjects-110000.nib
2026-03-31 04:15:42 +0000  copying file ./Contents/Frameworks/Sparkle.framework/Versions/B/Resources/SUUpdatePermissionPrompt.nib/keyedobjects-101300.nib ... 
2026-03-31 04:15:42 +0000  25430 bytes for ./Contents/Frameworks/Sparkle.framework/Versions/B/Resources/SUUpdatePermissionPrompt.nib/keyedobjects-101300.nib
2026-03-31 04:15:42 +0000  copying file ./Contents/Frameworks/Sparkle.framework/Versions/B/Resources/SUStatus.nib ... 
2026-03-31 04:15:42 +0000  13104 bytes for ./Contents/Frameworks/Sparkle.framework/Versions/B/Resources/SUStatus.nib
2026-03-31 04:15:42 +0000  copying file ./Contents/Frameworks/Sparkle.framework/Versions/B/Resources/SUUpdateAlert.nib ... 
2026-03-31 04:15:42 +0000  18490 bytes for ./Contents/Frameworks/Sparkle.framework/Versions/B/Resources/SUUpdateAlert.nib
2026-03-31 04:15:42 +0000  copying file ./Contents/Frameworks/Sparkle.framework/Versions/B/Resources/fr.lproj/Sparkle.strings ... 
2026-03-31 04:15:42 +0000  7855 bytes for ./Contents/Frameworks/Sparkle.framework/Versions/B/Resources/fr.lproj/Sparkle.strings
2026-03-31 04:15:42 +0000  copying file ./Contents/Frameworks/Sparkle.framework/Versions/B/Resources/fi.lproj/Sparkle.strings ... 
2026-03-31 04:15:42 +0000  3252 bytes for ./Contents/Frameworks/Sparkle.framework/Versions/B/Resources/fi.lproj/Sparkle.strings
2026-03-31 04:15:42 +0000  copying file ./Contents/Frameworks/Sparkle.framework/Versions/B/Resources/nl.lproj/Sparkle.strings ... 
2026-03-31 04:15:42 +0000  9574 bytes for ./Contents/Frameworks/Sparkle.framework/Versions/B/Resources/nl.lproj/Sparkle.strings
2026-03-31 04:15:42 +0000  copying file ./Contents/Frameworks/Sparkle.framework/Versions/B/Resources/th.lproj/Sparkle.strings ... 
2026-03-31 04:15:42 +0000  5339 bytes for ./Contents/Frameworks/Sparkle.framework/Versions/B/Resources/th.lproj/Sparkle.strings
2026-03-31 04:15:42 +0000  copying file ./Contents/Frameworks/Sparkle.framework/Versions/B/Resources/nn.lproj/Sparkle.strings ... 
2026-03-31 04:15:42 +0000  5671 bytes for ./Contents/Frameworks/Sparkle.framework/Versions/B/Resources/nn.lproj/Sparkle.strings
2026-03-31 04:15:42 +0000  copying file ./Contents/Frameworks/Sparkle.framework/Versions/B/Resources/pt-PT.lproj/Sparkle.strings ... 
2026-03-31 04:15:42 +0000  5984 bytes for ./Contents/Frameworks/Sparkle.framework/Versions/B/Resources/pt-PT.lproj/Sparkle.strings
2026-03-31 04:15:42 +0000  copying file ./Contents/Frameworks/Sparkle.framework/Versions/B/Resources/ro.lproj/Sparkle.strings ... 
2026-03-31 04:15:42 +0000  6115 bytes for ./Contents/Frameworks/Sparkle.framework/Versions/B/Resources/ro.lproj/Sparkle.strings
2026-03-31 04:15:42 +0000  copying file ./Contents/Frameworks/Sparkle.framework/Versions/B/Resources/Info.plist ... 
2026-03-31 04:15:42 +0000  1341 bytes for ./Contents/Frameworks/Sparkle.framework/Versions/B/Resources/Info.plist
2026-03-31 04:15:42 +0000  copying file ./Contents/Frameworks/Sparkle.framework/Versions/B/Resources/hr.lproj/Sparkle.strings ... 
2026-03-31 04:15:42 +0000  6367 bytes for ./Contents/Frameworks/Sparkle.framework/Versions/B/Resources/hr.lproj/Sparkle.strings
2026-03-31 04:15:42 +0000  copying file ./Contents/Frameworks/Sparkle.framework/Versions/B/Resources/ca.lproj/Sparkle.strings ... 
2026-03-31 04:15:42 +0000  3501 bytes for ./Contents/Frameworks/Sparkle.framework/Versions/B/Resources/ca.lproj/Sparkle.strings
2026-03-31 04:15:42 +0000  copying file ./Contents/Frameworks/Sparkle.framework/Versions/B/Autoupdate ... 
2026-03-31 04:15:42 +0000  709584 bytes for ./Contents/Frameworks/Sparkle.framework/Versions/B/Autoupdate
2026-03-31 04:15:42 +0000  copying file ./Contents/Frameworks/Sparkle.framework/Versions/B/Updater.app/Contents/_CodeSignature/CodeResources ... 
2026-03-31 04:15:42 +0000  2446 bytes for ./Contents/Frameworks/Sparkle.framework/Versions/B/Updater.app/Contents/_CodeSignature/CodeResources
2026-03-31 04:15:42 +0000  copying file ./Contents/Frameworks/Sparkle.framework/Versions/B/Updater.app/Contents/MacOS/Updater ... 
2026-03-31 04:15:42 +0000  290560 bytes for ./Contents/Frameworks/Sparkle.framework/Versions/B/Updater.app/Contents/MacOS/Updater
2026-03-31 04:15:42 +0000  copying file ./Contents/Frameworks/Sparkle.framework/Versions/B/Updater.app/Contents/Resources/SUStatus.nib ... 
2026-03-31 04:15:42 +0000  13104 bytes for ./Contents/Frameworks/Sparkle.framework/Versions/B/Updater.app/Contents/Resources/SUStatus.nib
2026-03-31 04:15:42 +0000  copying file ./Contents/Frameworks/Sparkle.framework/Versions/B/Updater.app/Contents/Info.plist ... 
2026-03-31 04:15:42 +0000  2400 bytes for ./Contents/Frameworks/Sparkle.framework/Versions/B/Updater.app/Contents/Info.plist
2026-03-31 04:15:42 +0000  copying file ./Contents/Frameworks/Sparkle.framework/Versions/B/Updater.app/Contents/PkgInfo ... 
2026-03-31 04:15:42 +0000  8 bytes for ./Contents/Frameworks/Sparkle.framework/Versions/B/Updater.app/Contents/PkgInfo
2026-03-31 04:15:42 +0000  copying file ./Contents/Frameworks/Sparkle.framework/Versions/B/XPCServices/Downloader.xpc/Contents/_CodeSignature/CodeResources ... 
2026-03-31 04:15:42 +0000  2200 bytes for ./Contents/Frameworks/Sparkle.framework/Versions/B/XPCServices/Downloader.xpc/Contents/_CodeSignature/CodeResources
2026-03-31 04:15:42 +0000  copying file ./Contents/Frameworks/Sparkle.framework/Versions/B/XPCServices/Downloader.xpc/Contents/MacOS/Downloader ... 
2026-03-31 04:15:42 +0000  172240 bytes for ./Contents/Frameworks/Sparkle.framework/Versions/B/XPCServices/Downloader.xpc/Contents/MacOS/Downloader
2026-03-31 04:15:42 +0000  copying file ./Contents/Frameworks/Sparkle.framework/Versions/B/XPCServices/Downloader.xpc/Contents/Info.plist ... 
2026-03-31 04:15:42 +0000  1717 bytes for ./Contents/Frameworks/Sparkle.framework/Versions/B/XPCServices/Downloader.xpc/Contents/Info.plist
2026-03-31 04:15:42 +0000  copying file ./Contents/Frameworks/Sparkle.framework/Versions/B/XPCServices/Installer.xpc/Contents/_CodeSignature/CodeResources ... 
2026-03-31 04:15:42 +0000  2200 bytes for ./Contents/Frameworks/Sparkle.framework/Versions/B/XPCServices/Installer.xpc/Contents/_CodeSignature/CodeResources
2026-03-31 04:15:42 +0000  copying file ./Contents/Frameworks/Sparkle.framework/Versions/B/XPCServices/Installer.xpc/Contents/MacOS/Installer ... 
2026-03-31 04:15:42 +0000  223472 bytes for ./Contents/Frameworks/Sparkle.framework/Versions/B/XPCServices/Installer.xpc/Contents/MacOS/Installer
2026-03-31 04:15:42 +0000  copying file ./Contents/Frameworks/Sparkle.framework/Versions/B/XPCServices/Installer.xpc/Contents/Info.plist ... 
2026-03-31 04:15:42 +0000  1605 bytes for ./Contents/Frameworks/Sparkle.framework/Versions/B/XPCServices/Installer.xpc/Contents/Info.plist
2026-03-31 04:15:42 +0000  copying file ./Contents/Frameworks/Sparkle.framework/Versions/B/Sparkle ... 
2026-03-31 04:15:42 +0000  977808 bytes for ./Contents/Frameworks/Sparkle.framework/Versions/B/Sparkle
2026-03-31 04:15:42 +0000  copying symlink ./Contents/Frameworks/Sparkle.framework/Autoupdate ... 
2026-03-31 04:15:42 +0000  linked ./Contents/Frameworks/Sparkle.framework/Autoupdate
2026-03-31 04:15:42 +0000  copying symlink ./Contents/Frameworks/Sparkle.framework/Updater.app ... 
2026-03-31 04:15:42 +0000  linked ./Contents/Frameworks/Sparkle.framework/Updater.app
2026-03-31 04:15:42 +0000  copying symlink ./Contents/Frameworks/Sparkle.framework/XPCServices ... 
2026-03-31 04:15:42 +0000  linked ./Contents/Frameworks/Sparkle.framework/XPCServices
2026-03-31 04:15:42 +0000  copying symlink ./Contents/Frameworks/Sparkle.framework/Sparkle ... 
2026-03-31 04:15:42 +0000  linked ./Contents/Frameworks/Sparkle.framework/Sparkle
2026-03-31 04:15:42 +0000  copying file ./Contents/Info.plist ... 
2026-03-31 04:15:42 +0000  2025 bytes for ./Contents/Info.plist
2026-03-31 04:15:42 +0000  copying file ./Contents/PkgInfo ... 
2026-03-31 04:15:42 +0000  8 bytes for ./Contents/PkgInfo
2026-03-31 04:15:42 +0000  /usr/bin/ditto exited with 0
2026-03-31 04:15:42 +0000  Processing step: IDEDistributionEmbedProfileStep
2026-03-31 04:15:42 +0000  Skipping profile for item: <IDEDistributionItem: 0xc97708ea0; bundleID='org.sparkle-project.DownloaderService', path='<DVTFilePath:0xc9c38ca80:'/Users/kyle/Library/Developer/Xcode/Archives/2026-03-30/Thaw 3-30-26, 9.15 PM.xcarchive/Products/Applications/Thaw.app/Contents/Frameworks/Sparkle.framework/Versions/B/XPCServices/Downloader.xpc'>', codeSigningInfo='<_DVTCodeSigningInformation_Path: 0xc97708f60; isSigned='1', isAdHocSigned='1', signingCertificate='(null)', entitlements='{
}', teamID='(null)', identifier='org.sparkle-project.DownloaderService', executablePath='<DVTFilePath:0xc9c38cf60:'/Users/kyle/Library/Developer/Xcode/Archives/2026-03-30/Thaw 3-30-26, 9.15 PM.xcarchive/Products/Applications/Thaw.app/Contents/Frameworks/Sparkle.framework/Versions/B/XPCServices/Downloader.xpc/Contents/MacOS/Downloader'>', hardenedRuntime='1'>'>
2026-03-31 04:15:42 +0000  Skipping profile for item: <IDEDistributionItem: 0xc97708fc0; bundleID='org.sparkle-project.InstallerLauncher', path='<DVTFilePath:0xc9c38d020:'/Users/kyle/Library/Developer/Xcode/Archives/2026-03-30/Thaw 3-30-26, 9.15 PM.xcarchive/Products/Applications/Thaw.app/Contents/Frameworks/Sparkle.framework/Versions/B/XPCServices/Installer.xpc'>', codeSigningInfo='<_DVTCodeSigningInformation_Path: 0xc97708c00; isSigned='1', isAdHocSigned='1', signingCertificate='(null)', entitlements='{
}', teamID='(null)', identifier='org.sparkle-project.InstallerLauncher', executablePath='<DVTFilePath:0xc9c38d4a0:'/Users/kyle/Library/Developer/Xcode/Archives/2026-03-30/Thaw 3-30-26, 9.15 PM.xcarchive/Products/Applications/Thaw.app/Contents/Frameworks/Sparkle.framework/Versions/B/XPCServices/Installer.xpc/Contents/MacOS/Installer'>', hardenedRuntime='1'>'>
2026-03-31 04:15:42 +0000  Skipping profile for item: <IDEDistributionItem: 0xc97709200; bundleID='(null)', path='<DVTFilePath:0xc9a92e5e0:'/Users/kyle/Library/Developer/Xcode/Archives/2026-03-30/Thaw 3-30-26, 9.15 PM.xcarchive/Products/Applications/Thaw.app/Contents/Frameworks/Sparkle.framework/Versions/B/Autoupdate'>', codeSigningInfo='<_DVTCodeSigningInformation_Path: 0xc97708f00; isSigned='1', isAdHocSigned='1', signingCertificate='(null)', entitlements='{
    "com.apple.application-identifier" = "org.sparkle-project.Sparkle.Autoupdate";
}', teamID='(null)', identifier='Autoupdate-55554944c885cecb77e63656933767b4dcfffd2f', executablePath='<DVTFilePath:0xc9a92e5e0:'/Users/kyle/Library/Developer/Xcode/Archives/2026-03-30/Thaw 3-30-26, 9.15 PM.xcarchive/Products/Applications/Thaw.app/Contents/Frameworks/Sparkle.framework/Versions/B/Autoupdate'>', hardenedRuntime='1'>'>
2026-03-31 04:15:42 +0000  Skipping profile for item: <IDEDistributionItem: 0xc97709080; bundleID='org.sparkle-project.Sparkle.Updater', path='<DVTFilePath:0xc9c38c540:'/Users/kyle/Library/Developer/Xcode/Archives/2026-03-30/Thaw 3-30-26, 9.15 PM.xcarchive/Products/Applications/Thaw.app/Contents/Frameworks/Sparkle.framework/Versions/B/Updater.app'>', codeSigningInfo='<_DVTCodeSigningInformation_Path: 0xc97709020; isSigned='1', isAdHocSigned='1', signingCertificate='(null)', entitlements='{
}', teamID='(null)', identifier='org.sparkle-project.Sparkle.Updater', executablePath='<DVTFilePath:0xc9c38c840:'/Users/kyle/Library/Developer/Xcode/Archives/2026-03-30/Thaw 3-30-26, 9.15 PM.xcarchive/Products/Applications/Thaw.app/Contents/Frameworks/Sparkle.framework/Versions/B/Updater.app/Contents/MacOS/Updater'>', hardenedRuntime='1'>'>
2026-03-31 04:15:42 +0000  Skipping profile for item: <IDEDistributionItem: 0xc977090e0; bundleID='org.sparkle-project.Sparkle', path='<DVTFilePath:0xc9a92e3a0:'/Users/kyle/Library/Developer/Xcode/Archives/2026-03-30/Thaw 3-30-26, 9.15 PM.xcarchive/Products/Applications/Thaw.app/Contents/Frameworks/Sparkle.framework/Versions/B'>', codeSigningInfo='<_DVTCodeSigningInformation_Path: 0xc977091a0; isSigned='1', isAdHocSigned='0', signingCertificate='<DVTSigningCertificate: 0xc98523e40; name='Apple Development: Kyle Worrall (7PHN6WL44K)', hash='8D82A727BA0F15C5242902B839ADA31EA484E941', serialNumber='7A38432A8FD01E42EBCCD8FF265407DE', certificateKinds='(
    "1.2.840.113635.100.6.1.12",
    "1.2.840.113635.100.6.1.2"
), issueDate='2026-03-23 18:32:18 +0000''>', entitlements='(null)', teamID='LMMY392DLM', identifier='org.sparkle-project.Sparkle', executablePath='<DVTFilePath:0xc9c38c480:'/Users/kyle/Library/Developer/Xcode/Archives/2026-03-30/Thaw 3-30-26, 9.15 PM.xcarchive/Products/Applications/Thaw.app/Contents/Frameworks/Sparkle.framework/Versions/B/Sparkle'>', hardenedRuntime='1'>'>
2026-03-31 04:15:42 +0000  Skipping profile for item: <IDEDistributionItem: 0xc977087e0; bundleID='com.stonerl.Thaw.MenuBarItemService', path='<DVTFilePath:0xc9e5e3db0:'/Users/kyle/Library/Developer/Xcode/Archives/2026-03-30/Thaw 3-30-26, 9.15 PM.xcarchive/Products/Applications/Thaw.app/Contents/XPCServices/MenuBarItemService.xpc'>', codeSigningInfo='<_DVTCodeSigningInformation_Path: 0xc97708900; isSigned='1', isAdHocSigned='0', signingCertificate='<DVTSigningCertificate: 0xc98523e40; name='Apple Development: Kyle Worrall (7PHN6WL44K)', hash='8D82A727BA0F15C5242902B839ADA31EA484E941', serialNumber='7A38432A8FD01E42EBCCD8FF265407DE', certificateKinds='(
    "1.2.840.113635.100.6.1.12",
    "1.2.840.113635.100.6.1.2"
), issueDate='2026-03-23 18:32:18 +0000''>', entitlements='{
}', teamID='LMMY392DLM', identifier='com.stonerl.Thaw.MenuBarItemService', executablePath='<DVTFilePath:0xc97400380:'/Users/kyle/Library/Developer/Xcode/Archives/2026-03-30/Thaw 3-30-26, 9.15 PM.xcarchive/Products/Applications/Thaw.app/Contents/XPCServices/MenuBarItemService.xpc/Contents/MacOS/MenuBarItemService'>', hardenedRuntime='1'>'>
2026-03-31 04:15:42 +0000  Skipping profile for item: <IDEDistributionItem: 0xc977092c0; bundleID='com.stonerl.Thaw', path='<DVTFilePath:0xc9dd2f6c0:'/Users/kyle/Library/Developer/Xcode/Archives/2026-03-30/Thaw 3-30-26, 9.15 PM.xcarchive/Products/Applications/Thaw.app'>', codeSigningInfo='<_DVTCodeSigningInformation_Path: 0xc97709260; isSigned='1', isAdHocSigned='0', signingCertificate='<DVTSigningCertificate: 0xc98523e40; name='Apple Development: Kyle Worrall (7PHN6WL44K)', hash='8D82A727BA0F15C5242902B839ADA31EA484E941', serialNumber='7A38432A8FD01E42EBCCD8FF265407DE', certificateKinds='(
    "1.2.840.113635.100.6.1.12",
    "1.2.840.113635.100.6.1.2"
), issueDate='2026-03-23 18:32:18 +0000''>', entitlements='{
    "com.apple.security.files.user-selected.read-only" = 1;
}', teamID='LMMY392DLM', identifier='com.stonerl.Thaw', executablePath='<DVTFilePath:0xc976e46c0:'/Users/kyle/Library/Developer/Xcode/Archives/2026-03-30/Thaw 3-30-26, 9.15 PM.xcarchive/Products/Applications/Thaw.app/Contents/MacOS/Thaw'>', hardenedRuntime='1'>'>
2026-03-31 04:15:42 +0000  Processing step: IDEDistributionInfoPlistStep
2026-03-31 04:15:42 +0000  Skipping step: IDEDistributionInfoPlistStep because it said so
2026-03-31 04:15:42 +0000  Skipping step: IDEDistributionInfoPlistStep because it said so
2026-03-31 04:15:42 +0000  Skipping step: IDEDistributionInfoPlistStep because it said so
2026-03-31 04:15:42 +0000  Skipping step: IDEDistributionInfoPlistStep because it said so
2026-03-31 04:15:42 +0000  Skipping step: IDEDistributionInfoPlistStep because it said so
2026-03-31 04:15:42 +0000  Skipping step: IDEDistributionInfoPlistStep because it said so
2026-03-31 04:15:42 +0000  Skipping step: IDEDistributionInfoPlistStep because it said so
2026-03-31 04:15:42 +0000  Processing step: IDEDistributionAppThinningPlistStep
2026-03-31 04:15:42 +0000  Processing step: IDEDistributionSymbolsStep
2026-03-31 04:15:42 +0000  Skipping step: IDEDistributionSymbolsStep because it said so
2026-03-31 04:15:42 +0000  Processing step: IDEDistributionAppThinningStep
2026-03-31 04:15:42 +0000  Skipping step: IDEDistributionAppThinningStep because it said so
2026-03-31 04:15:42 +0000  Processing step: IDEDistributionArchThinningStep
2026-03-31 04:15:42 +0000  Archs to thin for item /Users/kyle/Library/Developer/Xcode/Archives/2026-03-30/Thaw 3-30-26, 9.15 PM.xcarchive/Products/Applications/Thaw.app/Contents/Frameworks/Sparkle.framework/Versions/B/XPCServices/Downloader.xpc are []
2026-03-31 04:15:42 +0000  Archs to thin for item /Users/kyle/Library/Developer/Xcode/Archives/2026-03-30/Thaw 3-30-26, 9.15 PM.xcarchive/Products/Applications/Thaw.app/Contents/Frameworks/Sparkle.framework/Versions/B/XPCServices/Installer.xpc are []
2026-03-31 04:15:42 +0000  Archs to thin for item /Users/kyle/Library/Developer/Xcode/Archives/2026-03-30/Thaw 3-30-26, 9.15 PM.xcarchive/Products/Applications/Thaw.app/Contents/Frameworks/Sparkle.framework/Versions/B/Autoupdate are []
2026-03-31 04:15:42 +0000  Archs to thin for item /Users/kyle/Library/Developer/Xcode/Archives/2026-03-30/Thaw 3-30-26, 9.15 PM.xcarchive/Products/Applications/Thaw.app/Contents/Frameworks/Sparkle.framework/Versions/B/Updater.app are []
2026-03-31 04:15:42 +0000  Archs to thin for item /Users/kyle/Library/Developer/Xcode/Archives/2026-03-30/Thaw 3-30-26, 9.15 PM.xcarchive/Products/Applications/Thaw.app/Contents/Frameworks/Sparkle.framework/Versions/B are []
2026-03-31 04:15:42 +0000  Archs to thin for item /Users/kyle/Library/Developer/Xcode/Archives/2026-03-30/Thaw 3-30-26, 9.15 PM.xcarchive/Products/Applications/Thaw.app/Contents/XPCServices/MenuBarItemService.xpc are []
2026-03-31 04:15:42 +0000  Archs to thin for item /Users/kyle/Library/Developer/Xcode/Archives/2026-03-30/Thaw 3-30-26, 9.15 PM.xcarchive/Products/Applications/Thaw.app are []
2026-03-31 04:15:42 +0000  Processing step: IDEDistributionODRStep
2026-03-31 04:15:42 +0000  Processing step: IDEDistributionStripXattrsStep
2026-03-31 04:15:42 +0000  Skipping stripping extended attributes because the codesign step will strip them.
2026-03-31 04:15:42 +0000  Skipping stripping extended attributes because the codesign step will strip them.
2026-03-31 04:15:42 +0000  Skipping stripping extended attributes because the codesign step will strip them.
2026-03-31 04:15:42 +0000  Skipping stripping extended attributes because the codesign step will strip them.
2026-03-31 04:15:42 +0000  Skipping stripping extended attributes because the codesign step will strip them.
2026-03-31 04:15:42 +0000  Skipping stripping extended attributes because the codesign step will strip them.
2026-03-31 04:15:42 +0000  Skipping stripping extended attributes because the codesign step will strip them.
2026-03-31 04:15:42 +0000  Processing step: IDEDistributionCodesignStep
2026-03-31 04:15:42 +0000  Entitlements for <IDEDistributionItem: 0xc97708ea0; bundleID='org.sparkle-project.DownloaderService', path='<DVTFilePath:0xc9c38ca80:'/Users/kyle/Library/Developer/Xcode/Archives/2026-03-30/Thaw 3-30-26, 9.15 PM.xcarchive/Products/Applications/Thaw.app/Contents/Frameworks/Sparkle.framework/Versions/B/XPCServices/Downloader.xpc'>', codeSigningInfo='<_DVTCodeSigningInformation_Path: 0xc97708f60; isSigned='1', isAdHocSigned='1', signingCertificate='(null)', entitlements='{
}', teamID='(null)', identifier='org.sparkle-project.DownloaderService', executablePath='<DVTFilePath:0xc9c38cf60:'/Users/kyle/Library/Developer/Xcode/Archives/2026-03-30/Thaw 3-30-26, 9.15 PM.xcarchive/Products/Applications/Thaw.app/Contents/Frameworks/Sparkle.framework/Versions/B/XPCServices/Downloader.xpc/Contents/MacOS/Downloader'>', hardenedRuntime='1'>'>: {
}
2026-03-31 04:15:42 +0000  Associated App Clip Identifiers Filter: Skipping because "com.apple.developer.associated-appclip-app-identifiers" is not present
2026-03-31 04:15:42 +0000  Entitlements for <IDEDistributionItem: 0xc97708ea0; bundleID='org.sparkle-project.DownloaderService', path='<DVTFilePath:0xc9c38ca80:'/Users/kyle/Library/Developer/Xcode/Archives/2026-03-30/Thaw 3-30-26, 9.15 PM.xcarchive/Products/Applications/Thaw.app/Contents/Frameworks/Sparkle.framework/Versions/B/XPCServices/Downloader.xpc'>', codeSigningInfo='<_DVTCodeSigningInformation_Path: 0xc97708f60; isSigned='1', isAdHocSigned='1', signingCertificate='(null)', entitlements='{
}', teamID='(null)', identifier='org.sparkle-project.DownloaderService', executablePath='<DVTFilePath:0xc9c38cf60:'/Users/kyle/Library/Developer/Xcode/Archives/2026-03-30/Thaw 3-30-26, 9.15 PM.xcarchive/Products/Applications/Thaw.app/Contents/Frameworks/Sparkle.framework/Versions/B/XPCServices/Downloader.xpc/Contents/MacOS/Downloader'>', hardenedRuntime='1'>'> are: {
}
2026-03-31 04:15:42 +0000  Writing entitlements for <IDEDistributionItem: 0xc97708ea0; bundleID='org.sparkle-project.DownloaderService', path='<DVTFilePath:0xc9c38ca80:'/Users/kyle/Library/Developer/Xcode/Archives/2026-03-30/Thaw 3-30-26, 9.15 PM.xcarchive/Products/Applications/Thaw.app/Contents/Frameworks/Sparkle.framework/Versions/B/XPCServices/Downloader.xpc'>', codeSigningInfo='<_DVTCodeSigningInformation_Path: 0xc97708f60; isSigned='1', isAdHocSigned='1', signingCertificate='(null)', entitlements='{
}', teamID='(null)', identifier='org.sparkle-project.DownloaderService', executablePath='<DVTFilePath:0xc9c38cf60:'/Users/kyle/Library/Developer/Xcode/Archives/2026-03-30/Thaw 3-30-26, 9.15 PM.xcarchive/Products/Applications/Thaw.app/Contents/Frameworks/Sparkle.framework/Versions/B/XPCServices/Downloader.xpc/Contents/MacOS/Downloader'>', hardenedRuntime='1'>'> to: /var/folders/tk/m7w56jsn3s5977k8h5yc6nyh0000gn/T/XcodeDistPipeline.~~~L33FxR/entitlements~~~i4Q3oa
2026-03-31 04:15:42 +0000  invoking codesign: <NSConcreteTask: 0xcbce5a710; launchPath='/usr/bin/codesign', arguments='(
    "-f",
    "-s",
    8D82A727BA0F15C5242902B839ADA31EA484E941,
    "--entitlements",
    "/var/folders/tk/m7w56jsn3s5977k8h5yc6nyh0000gn/T/XcodeDistPipeline.~~~L33FxR/entitlements~~~i4Q3oa",
    "--preserve-metadata=identifier,flags,runtime,launch-constraints,library-constraints",
    "--generate-entitlement-der",
    "--strip-disallowed-xattrs",
    "-vvv",
    "/var/folders/tk/m7w56jsn3s5977k8h5yc6nyh0000gn/T/XcodeDistPipeline.~~~L33FxR/Root/Applications/Thaw.app/Contents/Frameworks/Sparkle.framework/Versions/B/XPCServices/Downloader.xpc"
)'>
2026-03-31 04:15:42 +0000  codesign output: /var/folders/tk/m7w56jsn3s5977k8h5yc6nyh0000gn/T/XcodeDistPipeline.~~~L33FxR/Root/Applications/Thaw.app/Contents/Frameworks/Sparkle.framework/Versions/B/XPCServices/Downloader.xpc: replacing existing signature
/var/folders/tk/m7w56jsn3s5977k8h5yc6nyh0000gn/T/XcodeDistPipeline.~~~L33FxR/Root/Applications/Thaw.app/Contents/Frameworks/Sparkle.framework/Versions/B/XPCServices/Downloader.xpc: signed bundle with Mach-O universal (x86_64 arm64) [org.sparkle-project.DownloaderService]
2026-03-31 04:15:42 +0000  Entitlements for <IDEDistributionItem: 0xc97708fc0; bundleID='org.sparkle-project.InstallerLauncher', path='<DVTFilePath:0xc9c38d020:'/Users/kyle/Library/Developer/Xcode/Archives/2026-03-30/Thaw 3-30-26, 9.15 PM.xcarchive/Products/Applications/Thaw.app/Contents/Frameworks/Sparkle.framework/Versions/B/XPCServices/Installer.xpc'>', codeSigningInfo='<_DVTCodeSigningInformation_Path: 0xc97708c00; isSigned='1', isAdHocSigned='1', signingCertificate='(null)', entitlements='{
}', teamID='(null)', identifier='org.sparkle-project.InstallerLauncher', executablePath='<DVTFilePath:0xc9c38d4a0:'/Users/kyle/Library/Developer/Xcode/Archives/2026-03-30/Thaw 3-30-26, 9.15 PM.xcarchive/Products/Applications/Thaw.app/Contents/Frameworks/Sparkle.framework/Versions/B/XPCServices/Installer.xpc/Contents/MacOS/Installer'>', hardenedRuntime='1'>'>: {
}
2026-03-31 04:15:42 +0000  Associated App Clip Identifiers Filter: Skipping because "com.apple.developer.associated-appclip-app-identifiers" is not present
2026-03-31 04:15:42 +0000  Entitlements for <IDEDistributionItem: 0xc97708fc0; bundleID='org.sparkle-project.InstallerLauncher', path='<DVTFilePath:0xc9c38d020:'/Users/kyle/Library/Developer/Xcode/Archives/2026-03-30/Thaw 3-30-26, 9.15 PM.xcarchive/Products/Applications/Thaw.app/Contents/Frameworks/Sparkle.framework/Versions/B/XPCServices/Installer.xpc'>', codeSigningInfo='<_DVTCodeSigningInformation_Path: 0xc97708c00; isSigned='1', isAdHocSigned='1', signingCertificate='(null)', entitlements='{
}', teamID='(null)', identifier='org.sparkle-project.InstallerLauncher', executablePath='<DVTFilePath:0xc9c38d4a0:'/Users/kyle/Library/Developer/Xcode/Archives/2026-03-30/Thaw 3-30-26, 9.15 PM.xcarchive/Products/Applications/Thaw.app/Contents/Frameworks/Sparkle.framework/Versions/B/XPCServices/Installer.xpc/Contents/MacOS/Installer'>', hardenedRuntime='1'>'> are: {
}
2026-03-31 04:15:42 +0000  Writing entitlements for <IDEDistributionItem: 0xc97708fc0; bundleID='org.sparkle-project.InstallerLauncher', path='<DVTFilePath:0xc9c38d020:'/Users/kyle/Library/Developer/Xcode/Archives/2026-03-30/Thaw 3-30-26, 9.15 PM.xcarchive/Products/Applications/Thaw.app/Contents/Frameworks/Sparkle.framework/Versions/B/XPCServices/Installer.xpc'>', codeSigningInfo='<_DVTCodeSigningInformation_Path: 0xc97708c00; isSigned='1', isAdHocSigned='1', signingCertificate='(null)', entitlements='{
}', teamID='(null)', identifier='org.sparkle-project.InstallerLauncher', executablePath='<DVTFilePath:0xc9c38d4a0:'/Users/kyle/Library/Developer/Xcode/Archives/2026-03-30/Thaw 3-30-26, 9.15 PM.xcarchive/Products/Applications/Thaw.app/Contents/Frameworks/Sparkle.framework/Versions/B/XPCServices/Installer.xpc/Contents/MacOS/Installer'>', hardenedRuntime='1'>'> to: /var/folders/tk/m7w56jsn3s5977k8h5yc6nyh0000gn/T/XcodeDistPipeline.~~~L33FxR/entitlements~~~lUK1Ph
2026-03-31 04:15:42 +0000  invoking codesign: <NSConcreteTask: 0xcbce5a710; launchPath='/usr/bin/codesign', arguments='(
    "-f",
    "-s",
    8D82A727BA0F15C5242902B839ADA31EA484E941,
    "--entitlements",
    "/var/folders/tk/m7w56jsn3s5977k8h5yc6nyh0000gn/T/XcodeDistPipeline.~~~L33FxR/entitlements~~~lUK1Ph",
    "--preserve-metadata=identifier,flags,runtime,launch-constraints,library-constraints",
    "--generate-entitlement-der",
    "--strip-disallowed-xattrs",
    "-vvv",
    "/var/folders/tk/m7w56jsn3s5977k8h5yc6nyh0000gn/T/XcodeDistPipeline.~~~L33FxR/Root/Applications/Thaw.app/Contents/Frameworks/Sparkle.framework/Versions/B/XPCServices/Installer.xpc"
)'>
2026-03-31 04:15:42 +0000  codesign output: /var/folders/tk/m7w56jsn3s5977k8h5yc6nyh0000gn/T/XcodeDistPipeline.~~~L33FxR/Root/Applications/Thaw.app/Contents/Frameworks/Sparkle.framework/Versions/B/XPCServices/Installer.xpc: replacing existing signature
/var/folders/tk/m7w56jsn3s5977k8h5yc6nyh0000gn/T/XcodeDistPipeline.~~~L33FxR/Root/Applications/Thaw.app/Contents/Frameworks/Sparkle.framework/Versions/B/XPCServices/Installer.xpc: signed bundle with Mach-O universal (x86_64 arm64) [org.sparkle-project.InstallerLauncher]
2026-03-31 04:15:42 +0000  Entitlements for <IDEDistributionItem: 0xc97709200; bundleID='(null)', path='<DVTFilePath:0xc9a92e5e0:'/Users/kyle/Library/Developer/Xcode/Archives/2026-03-30/Thaw 3-30-26, 9.15 PM.xcarchive/Products/Applications/Thaw.app/Contents/Frameworks/Sparkle.framework/Versions/B/Autoupdate'>', codeSigningInfo='<_DVTCodeSigningInformation_Path: 0xc97708f00; isSigned='1', isAdHocSigned='1', signingCertificate='(null)', entitlements='{
    "com.apple.application-identifier" = "org.sparkle-project.Sparkle.Autoupdate";
}', teamID='(null)', identifier='Autoupdate-55554944c885cecb77e63656933767b4dcfffd2f', executablePath='<DVTFilePath:0xc9a92e5e0:'/Users/kyle/Library/Developer/Xcode/Archives/2026-03-30/Thaw 3-30-26, 9.15 PM.xcarchive/Products/Applications/Thaw.app/Contents/Frameworks/Sparkle.framework/Versions/B/Autoupdate'>', hardenedRuntime='1'>'>: {
    "com.apple.application-identifier" = "org.sparkle-project.Sparkle.Autoupdate";
}
2026-03-31 04:15:42 +0000  Associated App Clip Identifiers Filter: Skipping because "com.apple.developer.associated-appclip-app-identifiers" is not present
2026-03-31 04:15:42 +0000  Entitlements for <IDEDistributionItem: 0xc97709200; bundleID='(null)', path='<DVTFilePath:0xc9a92e5e0:'/Users/kyle/Library/Developer/Xcode/Archives/2026-03-30/Thaw 3-30-26, 9.15 PM.xcarchive/Products/Applications/Thaw.app/Contents/Frameworks/Sparkle.framework/Versions/B/Autoupdate'>', codeSigningInfo='<_DVTCodeSigningInformation_Path: 0xc97708f00; isSigned='1', isAdHocSigned='1', signingCertificate='(null)', entitlements='{
    "com.apple.application-identifier" = "org.sparkle-project.Sparkle.Autoupdate";
}', teamID='(null)', identifier='Autoupdate-55554944c885cecb77e63656933767b4dcfffd2f', executablePath='<DVTFilePath:0xc9a92e5e0:'/Users/kyle/Library/Developer/Xcode/Archives/2026-03-30/Thaw 3-30-26, 9.15 PM.xcarchive/Products/Applications/Thaw.app/Contents/Frameworks/Sparkle.framework/Versions/B/Autoupdate'>', hardenedRuntime='1'>'> are: {
    "com.apple.application-identifier" = "org.sparkle-project.Sparkle.Autoupdate";
}
2026-03-31 04:15:42 +0000  Writing entitlements for <IDEDistributionItem: 0xc97709200; bundleID='(null)', path='<DVTFilePath:0xc9a92e5e0:'/Users/kyle/Library/Developer/Xcode/Archives/2026-03-30/Thaw 3-30-26, 9.15 PM.xcarchive/Products/Applications/Thaw.app/Contents/Frameworks/Sparkle.framework/Versions/B/Autoupdate'>', codeSigningInfo='<_DVTCodeSigningInformation_Path: 0xc97708f00; isSigned='1', isAdHocSigned='1', signingCertificate='(null)', entitlements='{
    "com.apple.application-identifier" = "org.sparkle-project.Sparkle.Autoupdate";
}', teamID='(null)', identifier='Autoupdate-55554944c885cecb77e63656933767b4dcfffd2f', executablePath='<DVTFilePath:0xc9a92e5e0:'/Users/kyle/Library/Developer/Xcode/Archives/2026-03-30/Thaw 3-30-26, 9.15 PM.xcarchive/Products/Applications/Thaw.app/Contents/Frameworks/Sparkle.framework/Versions/B/Autoupdate'>', hardenedRuntime='1'>'> to: /var/folders/tk/m7w56jsn3s5977k8h5yc6nyh0000gn/T/XcodeDistPipeline.~~~L33FxR/entitlements~~~QqDH2u
2026-03-31 04:15:42 +0000  invoking codesign: <NSConcreteTask: 0xcbce5a710; launchPath='/usr/bin/codesign', arguments='(
    "-f",
    "-s",
    8D82A727BA0F15C5242902B839ADA31EA484E941,
    "--entitlements",
    "/var/folders/tk/m7w56jsn3s5977k8h5yc6nyh0000gn/T/XcodeDistPipeline.~~~L33FxR/entitlements~~~QqDH2u",
    "--preserve-metadata=identifier,flags,runtime,launch-constraints,library-constraints",
    "--generate-entitlement-der",
    "--strip-disallowed-xattrs",
    "-vvv",
    "/var/folders/tk/m7w56jsn3s5977k8h5yc6nyh0000gn/T/XcodeDistPipeline.~~~L33FxR/Root/Applications/Thaw.app/Contents/Frameworks/Sparkle.framework/Versions/B/Autoupdate"
)'>
2026-03-31 04:15:42 +0000  codesign output: /var/folders/tk/m7w56jsn3s5977k8h5yc6nyh0000gn/T/XcodeDistPipeline.~~~L33FxR/Root/Applications/Thaw.app/Contents/Frameworks/Sparkle.framework/Versions/B/Autoupdate: replacing existing signature
/var/folders/tk/m7w56jsn3s5977k8h5yc6nyh0000gn/T/XcodeDistPipeline.~~~L33FxR/Root/Applications/Thaw.app/Contents/Frameworks/Sparkle.framework/Versions/B/Autoupdate: signed Mach-O universal (x86_64 arm64) [Autoupdate-55554944c885cecb77e63656933767b4dcfffd2f]
2026-03-31 04:15:42 +0000  Entitlements for <IDEDistributionItem: 0xc97709080; bundleID='org.sparkle-project.Sparkle.Updater', path='<DVTFilePath:0xc9c38c540:'/Users/kyle/Library/Developer/Xcode/Archives/2026-03-30/Thaw 3-30-26, 9.15 PM.xcarchive/Products/Applications/Thaw.app/Contents/Frameworks/Sparkle.framework/Versions/B/Updater.app'>', codeSigningInfo='<_DVTCodeSigningInformation_Path: 0xc97709020; isSigned='1', isAdHocSigned='1', signingCertificate='(null)', entitlements='{
}', teamID='(null)', identifier='org.sparkle-project.Sparkle.Updater', executablePath='<DVTFilePath:0xc9c38c840:'/Users/kyle/Library/Developer/Xcode/Archives/2026-03-30/Thaw 3-30-26, 9.15 PM.xcarchive/Products/Applications/Thaw.app/Contents/Frameworks/Sparkle.framework/Versions/B/Updater.app/Contents/MacOS/Updater'>', hardenedRuntime='1'>'>: {
}
2026-03-31 04:15:42 +0000  Associated App Clip Identifiers Filter: Skipping because "com.apple.developer.associated-appclip-app-identifiers" is not present
2026-03-31 04:15:42 +0000  Entitlements for <IDEDistributionItem: 0xc97709080; bundleID='org.sparkle-project.Sparkle.Updater', path='<DVTFilePath:0xc9c38c540:'/Users/kyle/Library/Developer/Xcode/Archives/2026-03-30/Thaw 3-30-26, 9.15 PM.xcarchive/Products/Applications/Thaw.app/Contents/Frameworks/Sparkle.framework/Versions/B/Updater.app'>', codeSigningInfo='<_DVTCodeSigningInformation_Path: 0xc97709020; isSigned='1', isAdHocSigned='1', signingCertificate='(null)', entitlements='{
}', teamID='(null)', identifier='org.sparkle-project.Sparkle.Updater', executablePath='<DVTFilePath:0xc9c38c840:'/Users/kyle/Library/Developer/Xcode/Archives/2026-03-30/Thaw 3-30-26, 9.15 PM.xcarchive/Products/Applications/Thaw.app/Contents/Frameworks/Sparkle.framework/Versions/B/Updater.app/Contents/MacOS/Updater'>', hardenedRuntime='1'>'> are: {
}
2026-03-31 04:15:42 +0000  Writing entitlements for <IDEDistributionItem: 0xc97709080; bundleID='org.sparkle-project.Sparkle.Updater', path='<DVTFilePath:0xc9c38c540:'/Users/kyle/Library/Developer/Xcode/Archives/2026-03-30/Thaw 3-30-26, 9.15 PM.xcarchive/Products/Applications/Thaw.app/Contents/Frameworks/Sparkle.framework/Versions/B/Updater.app'>', codeSigningInfo='<_DVTCodeSigningInformation_Path: 0xc97709020; isSigned='1', isAdHocSigned='1', signingCertificate='(null)', entitlements='{
}', teamID='(null)', identifier='org.sparkle-project.Sparkle.Updater', executablePath='<DVTFilePath:0xc9c38c840:'/Users/kyle/Library/Developer/Xcode/Archives/2026-03-30/Thaw 3-30-26, 9.15 PM.xcarchive/Products/Applications/Thaw.app/Contents/Frameworks/Sparkle.framework/Versions/B/Updater.app/Contents/MacOS/Updater'>', hardenedRuntime='1'>'> to: /var/folders/tk/m7w56jsn3s5977k8h5yc6nyh0000gn/T/XcodeDistPipeline.~~~L33FxR/entitlements~~~ZelnqA
2026-03-31 04:15:42 +0000  invoking codesign: <NSConcreteTask: 0xcbce5a710; launchPath='/usr/bin/codesign', arguments='(
    "-f",
    "-s",
    8D82A727BA0F15C5242902B839ADA31EA484E941,
    "--entitlements",
    "/var/folders/tk/m7w56jsn3s5977k8h5yc6nyh0000gn/T/XcodeDistPipeline.~~~L33FxR/entitlements~~~ZelnqA",
    "--preserve-metadata=identifier,flags,runtime,launch-constraints,library-constraints",
    "--generate-entitlement-der",
    "--strip-disallowed-xattrs",
    "-vvv",
    "/var/folders/tk/m7w56jsn3s5977k8h5yc6nyh0000gn/T/XcodeDistPipeline.~~~L33FxR/Root/Applications/Thaw.app/Contents/Frameworks/Sparkle.framework/Versions/B/Updater.app"
)'>
2026-03-31 04:15:42 +0000  codesign output: /var/folders/tk/m7w56jsn3s5977k8h5yc6nyh0000gn/T/XcodeDistPipeline.~~~L33FxR/Root/Applications/Thaw.app/Contents/Frameworks/Sparkle.framework/Versions/B/Updater.app: replacing existing signature
/var/folders/tk/m7w56jsn3s5977k8h5yc6nyh0000gn/T/XcodeDistPipeline.~~~L33FxR/Root/Applications/Thaw.app/Contents/Frameworks/Sparkle.framework/Versions/B/Updater.app: signed app bundle with Mach-O universal (x86_64 arm64) [org.sparkle-project.Sparkle.Updater]
2026-03-31 04:15:42 +0000  Entitlements for <IDEDistributionItem: 0xc977090e0; bundleID='org.sparkle-project.Sparkle', path='<DVTFilePath:0xc9a92e3a0:'/Users/kyle/Library/Developer/Xcode/Archives/2026-03-30/Thaw 3-30-26, 9.15 PM.xcarchive/Products/Applications/Thaw.app/Contents/Frameworks/Sparkle.framework/Versions/B'>', codeSigningInfo='<_DVTCodeSigningInformation_Path: 0xc977091a0; isSigned='1', isAdHocSigned='0', signingCertificate='<DVTSigningCertificate: 0xc98523e40; name='Apple Development: Kyle Worrall (7PHN6WL44K)', hash='8D82A727BA0F15C5242902B839ADA31EA484E941', serialNumber='7A38432A8FD01E42EBCCD8FF265407DE', certificateKinds='(
    "1.2.840.113635.100.6.1.12",
    "1.2.840.113635.100.6.1.2"
), issueDate='2026-03-23 18:32:18 +0000''>', entitlements='(null)', teamID='LMMY392DLM', identifier='org.sparkle-project.Sparkle', executablePath='<DVTFilePath:0xc9c38c480:'/Users/kyle/Library/Developer/Xcode/Archives/2026-03-30/Thaw 3-30-26, 9.15 PM.xcarchive/Products/Applications/Thaw.app/Contents/Frameworks/Sparkle.framework/Versions/B/Sparkle'>', hardenedRuntime='1'>'>: {
}
2026-03-31 04:15:42 +0000  Associated App Clip Identifiers Filter: Skipping because "com.apple.developer.associated-appclip-app-identifiers" is not present
2026-03-31 04:15:42 +0000  Entitlements for <IDEDistributionItem: 0xc977090e0; bundleID='org.sparkle-project.Sparkle', path='<DVTFilePath:0xc9a92e3a0:'/Users/kyle/Library/Developer/Xcode/Archives/2026-03-30/Thaw 3-30-26, 9.15 PM.xcarchive/Products/Applications/Thaw.app/Contents/Frameworks/Sparkle.framework/Versions/B'>', codeSigningInfo='<_DVTCodeSigningInformation_Path: 0xc977091a0; isSigned='1', isAdHocSigned='0', signingCertificate='<DVTSigningCertificate: 0xc98520240; name='Apple Development: Kyle Worrall (7PHN6WL44K)', hash='8D82A727BA0F15C5242902B839ADA31EA484E941', serialNumber='7A38432A8FD01E42EBCCD8FF265407DE', certificateKinds='(
    "1.2.840.113635.100.6.1.12",
    "1.2.840.113635.100.6.1.2"
), issueDate='2026-03-23 18:32:18 +0000''>', entitlements='(null)', teamID='LMMY392DLM', identifier='org.sparkle-project.Sparkle', executablePath='<DVTFilePath:0xc9c38c480:'/Users/kyle/Library/Developer/Xcode/Archives/2026-03-30/Thaw 3-30-26, 9.15 PM.xcarchive/Products/Applications/Thaw.app/Contents/Frameworks/Sparkle.framework/Versions/B/Sparkle'>', hardenedRuntime='1'>'> are: {
}
2026-03-31 04:15:42 +0000  Writing entitlements for <IDEDistributionItem: 0xc977090e0; bundleID='org.sparkle-project.Sparkle', path='<DVTFilePath:0xc9a92e3a0:'/Users/kyle/Library/Developer/Xcode/Archives/2026-03-30/Thaw 3-30-26, 9.15 PM.xcarchive/Products/Applications/Thaw.app/Contents/Frameworks/Sparkle.framework/Versions/B'>', codeSigningInfo='<_DVTCodeSigningInformation_Path: 0xc977091a0; isSigned='1', isAdHocSigned='0', signingCertificate='<DVTSigningCertificate: 0xc98520240; name='Apple Development: Kyle Worrall (7PHN6WL44K)', hash='8D82A727BA0F15C5242902B839ADA31EA484E941', serialNumber='7A38432A8FD01E42EBCCD8FF265407DE', certificateKinds='(
    "1.2.840.113635.100.6.1.12",
    "1.2.840.113635.100.6.1.2"
), issueDate='2026-03-23 18:32:18 +0000''>', entitlements='(null)', teamID='LMMY392DLM', identifier='org.sparkle-project.Sparkle', executablePath='<DVTFilePath:0xc9c38c480:'/Users/kyle/Library/Developer/Xcode/Archives/2026-03-30/Thaw 3-30-26, 9.15 PM.xcarchive/Products/Applications/Thaw.app/Contents/Frameworks/Sparkle.framework/Versions/B/Sparkle'>', hardenedRuntime='1'>'> to: /var/folders/tk/m7w56jsn3s5977k8h5yc6nyh0000gn/T/XcodeDistPipeline.~~~L33FxR/entitlements~~~PNTFAD
2026-03-31 04:15:42 +0000  invoking codesign: <NSConcreteTask: 0xcbce5a710; launchPath='/usr/bin/codesign', arguments='(
    "-f",
    "-s",
    8D82A727BA0F15C5242902B839ADA31EA484E941,
    "--entitlements",
    "/var/folders/tk/m7w56jsn3s5977k8h5yc6nyh0000gn/T/XcodeDistPipeline.~~~L33FxR/entitlements~~~PNTFAD",
    "--preserve-metadata=identifier,flags,runtime,launch-constraints,library-constraints",
    "--generate-entitlement-der",
    "--strip-disallowed-xattrs",
    "-vvv",
    "/var/folders/tk/m7w56jsn3s5977k8h5yc6nyh0000gn/T/XcodeDistPipeline.~~~L33FxR/Root/Applications/Thaw.app/Contents/Frameworks/Sparkle.framework/Versions/B"
)'>
2026-03-31 04:15:42 +0000  codesign output: /var/folders/tk/m7w56jsn3s5977k8h5yc6nyh0000gn/T/XcodeDistPipeline.~~~L33FxR/Root/Applications/Thaw.app/Contents/Frameworks/Sparkle.framework/Versions/B: replacing existing signature
/var/folders/tk/m7w56jsn3s5977k8h5yc6nyh0000gn/T/XcodeDistPipeline.~~~L33FxR/Root/Applications/Thaw.app/Contents/Frameworks/Sparkle.framework/Versions/B: signed bundle with Mach-O universal (x86_64 arm64) [org.sparkle-project.Sparkle]
2026-03-31 04:15:42 +0000  Entitlements for <IDEDistributionItem: 0xc977087e0; bundleID='com.stonerl.Thaw.MenuBarItemService', path='<DVTFilePath:0xc9e5e3db0:'/Users/kyle/Library/Developer/Xcode/Archives/2026-03-30/Thaw 3-30-26, 9.15 PM.xcarchive/Products/Applications/Thaw.app/Contents/XPCServices/MenuBarItemService.xpc'>', codeSigningInfo='<_DVTCodeSigningInformation_Path: 0xc97708900; isSigned='1', isAdHocSigned='0', signingCertificate='<DVTSigningCertificate: 0xc98523e40; name='Apple Development: Kyle Worrall (7PHN6WL44K)', hash='8D82A727BA0F15C5242902B839ADA31EA484E941', serialNumber='7A38432A8FD01E42EBCCD8FF265407DE', certificateKinds='(
    "1.2.840.113635.100.6.1.12",
    "1.2.840.113635.100.6.1.2"
), issueDate='2026-03-23 18:32:18 +0000''>', entitlements='{
}', teamID='LMMY392DLM', identifier='com.stonerl.Thaw.MenuBarItemService', executablePath='<DVTFilePath:0xc97400380:'/Users/kyle/Library/Developer/Xcode/Archives/2026-03-30/Thaw 3-30-26, 9.15 PM.xcarchive/Products/Applications/Thaw.app/Contents/XPCServices/MenuBarItemService.xpc/Contents/MacOS/MenuBarItemService'>', hardenedRuntime='1'>'>: {
}
2026-03-31 04:15:42 +0000  Associated App Clip Identifiers Filter: Skipping because "com.apple.developer.associated-appclip-app-identifiers" is not present
2026-03-31 04:15:42 +0000  Entitlements for <IDEDistributionItem: 0xc977087e0; bundleID='com.stonerl.Thaw.MenuBarItemService', path='<DVTFilePath:0xc9e5e3db0:'/Users/kyle/Library/Developer/Xcode/Archives/2026-03-30/Thaw 3-30-26, 9.15 PM.xcarchive/Products/Applications/Thaw.app/Contents/XPCServices/MenuBarItemService.xpc'>', codeSigningInfo='<_DVTCodeSigningInformation_Path: 0xc97708900; isSigned='1', isAdHocSigned='0', signingCertificate='<DVTSigningCertificate: 0xc98520240; name='Apple Development: Kyle Worrall (7PHN6WL44K)', hash='8D82A727BA0F15C5242902B839ADA31EA484E941', serialNumber='7A38432A8FD01E42EBCCD8FF265407DE', certificateKinds='(
    "1.2.840.113635.100.6.1.12",
    "1.2.840.113635.100.6.1.2"
), issueDate='2026-03-23 18:32:18 +0000''>', entitlements='{
}', teamID='LMMY392DLM', identifier='com.stonerl.Thaw.MenuBarItemService', executablePath='<DVTFilePath:0xc97400380:'/Users/kyle/Library/Developer/Xcode/Archives/2026-03-30/Thaw 3-30-26, 9.15 PM.xcarchive/Products/Applications/Thaw.app/Contents/XPCServices/MenuBarItemService.xpc/Contents/MacOS/MenuBarItemService'>', hardenedRuntime='1'>'> are: {
}
2026-03-31 04:15:42 +0000  Writing entitlements for <IDEDistributionItem: 0xc977087e0; bundleID='com.stonerl.Thaw.MenuBarItemService', path='<DVTFilePath:0xc9e5e3db0:'/Users/kyle/Library/Developer/Xcode/Archives/2026-03-30/Thaw 3-30-26, 9.15 PM.xcarchive/Products/Applications/Thaw.app/Contents/XPCServices/MenuBarItemService.xpc'>', codeSigningInfo='<_DVTCodeSigningInformation_Path: 0xc97708900; isSigned='1', isAdHocSigned='0', signingCertificate='<DVTSigningCertificate: 0xc98520240; name='Apple Development: Kyle Worrall (7PHN6WL44K)', hash='8D82A727BA0F15C5242902B839ADA31EA484E941', serialNumber='7A38432A8FD01E42EBCCD8FF265407DE', certificateKinds='(
    "1.2.840.113635.100.6.1.12",
    "1.2.840.113635.100.6.1.2"
), issueDate='2026-03-23 18:32:18 +0000''>', entitlements='{
}', teamID='LMMY392DLM', identifier='com.stonerl.Thaw.MenuBarItemService', executablePath='<DVTFilePath:0xc97400380:'/Users/kyle/Library/Developer/Xcode/Archives/2026-03-30/Thaw 3-30-26, 9.15 PM.xcarchive/Products/Applications/Thaw.app/Contents/XPCServices/MenuBarItemService.xpc/Contents/MacOS/MenuBarItemService'>', hardenedRuntime='1'>'> to: /var/folders/tk/m7w56jsn3s5977k8h5yc6nyh0000gn/T/XcodeDistPipeline.~~~L33FxR/entitlements~~~VrL49Q
2026-03-31 04:15:42 +0000  invoking codesign: <NSConcreteTask: 0xcbce5a710; launchPath='/usr/bin/codesign', arguments='(
    "-f",
    "-s",
    8D82A727BA0F15C5242902B839ADA31EA484E941,
    "--entitlements",
    "/var/folders/tk/m7w56jsn3s5977k8h5yc6nyh0000gn/T/XcodeDistPipeline.~~~L33FxR/entitlements~~~VrL49Q",
    "--preserve-metadata=identifier,flags,runtime,launch-constraints,library-constraints",
    "--generate-entitlement-der",
    "--strip-disallowed-xattrs",
    "-vvv",
    "/var/folders/tk/m7w56jsn3s5977k8h5yc6nyh0000gn/T/XcodeDistPipeline.~~~L33FxR/Root/Applications/Thaw.app/Contents/XPCServices/MenuBarItemService.xpc"
)'>
2026-03-31 04:15:42 +0000  codesign output: /var/folders/tk/m7w56jsn3s5977k8h5yc6nyh0000gn/T/XcodeDistPipeline.~~~L33FxR/Root/Applications/Thaw.app/Contents/XPCServices/MenuBarItemService.xpc: replacing existing signature
/var/folders/tk/m7w56jsn3s5977k8h5yc6nyh0000gn/T/XcodeDistPipeline.~~~L33FxR/Root/Applications/Thaw.app/Contents/XPCServices/MenuBarItemService.xpc: signed bundle with Mach-O universal (x86_64 arm64) [com.stonerl.Thaw.MenuBarItemService]
2026-03-31 04:15:42 +0000  Entitlements for <IDEDistributionItem: 0xc977092c0; bundleID='com.stonerl.Thaw', path='<DVTFilePath:0xc9dd2f6c0:'/Users/kyle/Library/Developer/Xcode/Archives/2026-03-30/Thaw 3-30-26, 9.15 PM.xcarchive/Products/Applications/Thaw.app'>', codeSigningInfo='<_DVTCodeSigningInformation_Path: 0xc97709260; isSigned='1', isAdHocSigned='0', signingCertificate='<DVTSigningCertificate: 0xc98523e40; name='Apple Development: Kyle Worrall (7PHN6WL44K)', hash='8D82A727BA0F15C5242902B839ADA31EA484E941', serialNumber='7A38432A8FD01E42EBCCD8FF265407DE', certificateKinds='(
    "1.2.840.113635.100.6.1.12",
    "1.2.840.113635.100.6.1.2"
), issueDate='2026-03-23 18:32:18 +0000''>', entitlements='{
    "com.apple.security.files.user-selected.read-only" = 1;
}', teamID='LMMY392DLM', identifier='com.stonerl.Thaw', executablePath='<DVTFilePath:0xc976e46c0:'/Users/kyle/Library/Developer/Xcode/Archives/2026-03-30/Thaw 3-30-26, 9.15 PM.xcarchive/Products/Applications/Thaw.app/Contents/MacOS/Thaw'>', hardenedRuntime='1'>'>: {
    "com.apple.security.files.user-selected.read-only" = 1;
}
2026-03-31 04:15:42 +0000  Associated App Clip Identifiers Filter: Skipping because "com.apple.developer.associated-appclip-app-identifiers" is not present
2026-03-31 04:15:42 +0000  Entitlements for <IDEDistributionItem: 0xc977092c0; bundleID='com.stonerl.Thaw', path='<DVTFilePath:0xc9dd2f6c0:'/Users/kyle/Library/Developer/Xcode/Archives/2026-03-30/Thaw 3-30-26, 9.15 PM.xcarchive/Products/Applications/Thaw.app'>', codeSigningInfo='<_DVTCodeSigningInformation_Path: 0xc97709260; isSigned='1', isAdHocSigned='0', signingCertificate='<DVTSigningCertificate: 0xc98520240; name='Apple Development: Kyle Worrall (7PHN6WL44K)', hash='8D82A727BA0F15C5242902B839ADA31EA484E941', serialNumber='7A38432A8FD01E42EBCCD8FF265407DE', certificateKinds='(
    "1.2.840.113635.100.6.1.12",
    "1.2.840.113635.100.6.1.2"
), issueDate='2026-03-23 18:32:18 +0000''>', entitlements='{
    "com.apple.security.files.user-selected.read-only" = 1;
}', teamID='LMMY392DLM', identifier='com.stonerl.Thaw', executablePath='<DVTFilePath:0xc976e46c0:'/Users/kyle/Library/Developer/Xcode/Archives/2026-03-30/Thaw 3-30-26, 9.15 PM.xcarchive/Products/Applications/Thaw.app/Contents/MacOS/Thaw'>', hardenedRuntime='1'>'> are: {
    "com.apple.security.files.user-selected.read-only" = 1;
}
2026-03-31 04:15:42 +0000  Writing entitlements for <IDEDistributionItem: 0xc977092c0; bundleID='com.stonerl.Thaw', path='<DVTFilePath:0xc9dd2f6c0:'/Users/kyle/Library/Developer/Xcode/Archives/2026-03-30/Thaw 3-30-26, 9.15 PM.xcarchive/Products/Applications/Thaw.app'>', codeSigningInfo='<_DVTCodeSigningInformation_Path: 0xc97709260; isSigned='1', isAdHocSigned='0', signingCertificate='<DVTSigningCertificate: 0xc98520240; name='Apple Development: Kyle Worrall (7PHN6WL44K)', hash='8D82A727BA0F15C5242902B839ADA31EA484E941', serialNumber='7A38432A8FD01E42EBCCD8FF265407DE', certificateKinds='(
    "1.2.840.113635.100.6.1.12",
    "1.2.840.113635.100.6.1.2"
), issueDate='2026-03-23 18:32:18 +0000''>', entitlements='{
    "com.apple.security.files.user-selected.read-only" = 1;
}', teamID='LMMY392DLM', identifier='com.stonerl.Thaw', executablePath='<DVTFilePath:0xc976e46c0:'/Users/kyle/Library/Developer/Xcode/Archives/2026-03-30/Thaw 3-30-26, 9.15 PM.xcarchive/Products/Applications/Thaw.app/Contents/MacOS/Thaw'>', hardenedRuntime='1'>'> to: /var/folders/tk/m7w56jsn3s5977k8h5yc6nyh0000gn/T/XcodeDistPipeline.~~~L33FxR/entitlements~~~S1Fpbq
2026-03-31 04:15:42 +0000  invoking codesign: <NSConcreteTask: 0xcbce5a710; launchPath='/usr/bin/codesign', arguments='(
    "-f",
    "-s",
    8D82A727BA0F15C5242902B839ADA31EA484E941,
    "--entitlements",
    "/var/folders/tk/m7w56jsn3s5977k8h5yc6nyh0000gn/T/XcodeDistPipeline.~~~L33FxR/entitlements~~~S1Fpbq",
    "--preserve-metadata=identifier,flags,runtime,launch-constraints,library-constraints",
    "--generate-entitlement-der",
    "--strip-disallowed-xattrs",
    "-vvv",
    "/var/folders/tk/m7w56jsn3s5977k8h5yc6nyh0000gn/T/XcodeDistPipeline.~~~L33FxR/Root/Applications/Thaw.app"
)'>
2026-03-31 04:15:42 +0000  codesign output: /var/folders/tk/m7w56jsn3s5977k8h5yc6nyh0000gn/T/XcodeDistPipeline.~~~L33FxR/Root/Applications/Thaw.app: replacing existing signature
/var/folders/tk/m7w56jsn3s5977k8h5yc6nyh0000gn/T/XcodeDistPipeline.~~~L33FxR/Root/Applications/Thaw.app: signed app bundle with Mach-O universal (x86_64 arm64) [com.stonerl.Thaw]
2026-03-31 04:15:42 +0000  Processing step: IDEDistributionZipODRItemStep
2026-03-31 04:15:42 +0000  Skipping step: IDEDistributionZipODRItemStep because it said so
2026-03-31 04:15:42 +0000  Skipping step: IDEDistributionZipODRItemStep because it said so
2026-03-31 04:15:42 +0000  Skipping step: IDEDistributionZipODRItemStep because it said so
2026-03-31 04:15:42 +0000  Skipping step: IDEDistributionZipODRItemStep because it said so
2026-03-31 04:15:42 +0000  Skipping step: IDEDistributionZipODRItemStep because it said so
2026-03-31 04:15:42 +0000  Skipping step: IDEDistributionZipODRItemStep because it said so
2026-03-31 04:15:42 +0000  Skipping step: IDEDistributionZipODRItemStep because it said so
2026-03-31 04:15:42 +0000  Processing step: IDEDistributionSkipPackagingStep
2026-03-31 04:15:42 +0000  Processing step: IDEDistributionAppStoreInformationStep
2026-03-31 04:15:42 +0000  Skipping step: IDEDistributionAppStoreInformationStep because it said so
2026-03-31 04:15:42 +0000  Processing step: IDEDistributionGenerateProcessedDistributionItems
2026-03-31 04:15:42 +0000  IDEDistributionItem init <DVTFilePath:0xc9770a7c0:'/var/folders/tk/m7w56jsn3s5977k8h5yc6nyh0000gn/T/XcodeDistPipeline.~~~L33FxR/Root/Applications/Thaw.app/Contents/Frameworks/Sparkle.framework/Versions/B/Autoupdate'>
2026-03-31 04:15:42 +0000  [OPTIONAL] Didn't find info dictionary for <DVTFilePath:0xc9770a7c0:'/var/folders/tk/m7w56jsn3s5977k8h5yc6nyh0000gn/T/XcodeDistPipeline.~~~L33FxR/Root/Applications/Thaw.app/Contents/Frameworks/Sparkle.framework/Versions/B/Autoupdate'>: Error Domain=DVTFoundationNSBundleAdditionsErrorDomain Code=1 "Couldn't load Info dictionary for <DVTFilePath:0xc9770a7c0:'/var/folders/tk/m7w56jsn3s5977k8h5yc6nyh0000gn/T/XcodeDistPipeline.~~~L33FxR/Root/Applications/Thaw.app/Contents/Frameworks/Sparkle.framework/Versions/B/Autoupdate'>" UserInfo={NSLocalizedDescription=Couldn't load Info dictionary for <DVTFilePath:0xc9770a7c0:'/var/folders/tk/m7w56jsn3s5977k8h5yc6nyh0000gn/T/XcodeDistPipeline.~~~L33FxR/Root/Applications/Thaw.app/Contents/Frameworks/Sparkle.framework/Versions/B/Autoupdate'>}
2026-03-31 04:15:42 +0000  [OPTIONAL] Can't have a profile, not a bundle at <DVTFilePath:0xc9770a7c0:'/var/folders/tk/m7w56jsn3s5977k8h5yc6nyh0000gn/T/XcodeDistPipeline.~~~L33FxR/Root/Applications/Thaw.app/Contents/Frameworks/Sparkle.framework/Versions/B/Autoupdate'>
2026-03-31 04:15:42 +0000  IDEDistributionItem init <DVTFilePath:0xc9770aa60:'/var/folders/tk/m7w56jsn3s5977k8h5yc6nyh0000gn/T/XcodeDistPipeline.~~~L33FxR/Root/Applications/Thaw.app/Contents/Frameworks/Sparkle.framework/Versions/B/Updater.app'>
2026-03-31 04:15:42 +0000  [OPTIONAL] Didn't find embedded provisioning profile for <DVTFilePath:0xc9770aa60:'/var/folders/tk/m7w56jsn3s5977k8h5yc6nyh0000gn/T/XcodeDistPipeline.~~~L33FxR/Root/Applications/Thaw.app/Contents/Frameworks/Sparkle.framework/Versions/B/Updater.app'>: Error Domain=NSCocoaErrorDomain Code=4 "No file at <DVTFilePath:0xc99397cd0:'/var/folders/tk/m7w56jsn3s5977k8h5yc6nyh0000gn/T/XcodeDistPipeline.~~~L33FxR/Root/Applications/Thaw.app/Contents/Frameworks/Sparkle.framework/Versions/B/Updater.app/Contents/embedded.provisionprofile'>" UserInfo={NSLocalizedDescription=No file at <DVTFilePath:0xc99397cd0:'/var/folders/tk/m7w56jsn3s5977k8h5yc6nyh0000gn/T/XcodeDistPipeline.~~~L33FxR/Root/Applications/Thaw.app/Contents/Frameworks/Sparkle.framework/Versions/B/Updater.app/Contents/embedded.provisionprofile'>}
2026-03-31 04:15:42 +0000  IDEDistributionItem init <DVTFilePath:0xc9770abe0:'/var/folders/tk/m7w56jsn3s5977k8h5yc6nyh0000gn/T/XcodeDistPipeline.~~~L33FxR/Root/Applications/Thaw.app/Contents/Frameworks/Sparkle.framework/Versions/B/XPCServices/Downloader.xpc'>
2026-03-31 04:15:42 +0000  [OPTIONAL] Didn't find embedded provisioning profile for <DVTFilePath:0xc9770abe0:'/var/folders/tk/m7w56jsn3s5977k8h5yc6nyh0000gn/T/XcodeDistPipeline.~~~L33FxR/Root/Applications/Thaw.app/Contents/Frameworks/Sparkle.framework/Versions/B/XPCServices/Downloader.xpc'>: Error Domain=NSCocoaErrorDomain Code=4 "No file at <DVTFilePath:0xc99394770:'/var/folders/tk/m7w56jsn3s5977k8h5yc6nyh0000gn/T/XcodeDistPipeline.~~~L33FxR/Root/Applications/Thaw.app/Contents/Frameworks/Sparkle.framework/Versions/B/XPCServices/Downloader.xpc/Contents/embedded.provisionprofile'>" UserInfo={NSLocalizedDescription=No file at <DVTFilePath:0xc99394770:'/var/folders/tk/m7w56jsn3s5977k8h5yc6nyh0000gn/T/XcodeDistPipeline.~~~L33FxR/Root/Applications/Thaw.app/Contents/Frameworks/Sparkle.framework/Versions/B/XPCServices/Downloader.xpc/Contents/embedded.provisionprofile'>}
2026-03-31 04:15:42 +0000  IDEDistributionItem init <DVTFilePath:0xc9770ab20:'/var/folders/tk/m7w56jsn3s5977k8h5yc6nyh0000gn/T/XcodeDistPipeline.~~~L33FxR/Root/Applications/Thaw.app/Contents/Frameworks/Sparkle.framework/Versions/B/XPCServices/Installer.xpc'>
2026-03-31 04:15:42 +0000  [OPTIONAL] Didn't find embedded provisioning profile for <DVTFilePath:0xc9770ab20:'/var/folders/tk/m7w56jsn3s5977k8h5yc6nyh0000gn/T/XcodeDistPipeline.~~~L33FxR/Root/Applications/Thaw.app/Contents/Frameworks/Sparkle.framework/Versions/B/XPCServices/Installer.xpc'>: Error Domain=NSCocoaErrorDomain Code=4 "No file at <DVTFilePath:0xc99397b80:'/var/folders/tk/m7w56jsn3s5977k8h5yc6nyh0000gn/T/XcodeDistPipeline.~~~L33FxR/Root/Applications/Thaw.app/Contents/Frameworks/Sparkle.framework/Versions/B/XPCServices/Installer.xpc/Contents/embedded.provisionprofile'>" UserInfo={NSLocalizedDescription=No file at <DVTFilePath:0xc99397b80:'/var/folders/tk/m7w56jsn3s5977k8h5yc6nyh0000gn/T/XcodeDistPipeline.~~~L33FxR/Root/Applications/Thaw.app/Contents/Frameworks/Sparkle.framework/Versions/B/XPCServices/Installer.xpc/Contents/embedded.provisionprofile'>}
2026-03-31 04:15:42 +0000  IDEDistributionItem init <DVTFilePath:0xc9770aca0:'/var/folders/tk/m7w56jsn3s5977k8h5yc6nyh0000gn/T/XcodeDistPipeline.~~~L33FxR/Root/Applications/Thaw.app/Contents/Frameworks/Sparkle.framework/Versions/B'>
2026-03-31 04:15:42 +0000  IDEDistributionItem init <DVTFilePath:0xc99394bd0:'/var/folders/tk/m7w56jsn3s5977k8h5yc6nyh0000gn/T/XcodeDistPipeline.~~~L33FxR/Root/Applications/Thaw.app/Contents/XPCServices/MenuBarItemService.xpc'>
2026-03-31 04:15:43 +0000  [OPTIONAL] Didn't find embedded provisioning profile for <DVTFilePath:0xc99394bd0:'/var/folders/tk/m7w56jsn3s5977k8h5yc6nyh0000gn/T/XcodeDistPipeline.~~~L33FxR/Root/Applications/Thaw.app/Contents/XPCServices/MenuBarItemService.xpc'>: Error Domain=NSCocoaErrorDomain Code=4 "No file at <DVTFilePath:0xc99397a30:'/var/folders/tk/m7w56jsn3s5977k8h5yc6nyh0000gn/T/XcodeDistPipeline.~~~L33FxR/Root/Applications/Thaw.app/Contents/XPCServices/MenuBarItemService.xpc/Contents/embedded.provisionprofile'>" UserInfo={NSLocalizedDescription=No file at <DVTFilePath:0xc99397a30:'/var/folders/tk/m7w56jsn3s5977k8h5yc6nyh0000gn/T/XcodeDistPipeline.~~~L33FxR/Root/Applications/Thaw.app/Contents/XPCServices/MenuBarItemService.xpc/Contents/embedded.provisionprofile'>}
2026-03-31 04:15:43 +0000  IDEDistributionItem init <DVTFilePath:0xc979eafa0:'/var/folders/tk/m7w56jsn3s5977k8h5yc6nyh0000gn/T/XcodeDistPipeline.~~~L33FxR/Root/Applications/Thaw.app'>
2026-03-31 04:15:43 +0000  [OPTIONAL] Didn't find embedded provisioning profile for <DVTFilePath:0xc979eafa0:'/var/folders/tk/m7w56jsn3s5977k8h5yc6nyh0000gn/T/XcodeDistPipeline.~~~L33FxR/Root/Applications/Thaw.app'>: Error Domain=NSCocoaErrorDomain Code=4 "No file at <DVTFilePath:0xc99394a80:'/var/folders/tk/m7w56jsn3s5977k8h5yc6nyh0000gn/T/XcodeDistPipeline.~~~L33FxR/Root/Applications/Thaw.app/Contents/embedded.provisionprofile'>" UserInfo={NSLocalizedDescription=No file at <DVTFilePath:0xc99394a80:'/var/folders/tk/m7w56jsn3s5977k8h5yc6nyh0000gn/T/XcodeDistPipeline.~~~L33FxR/Root/Applications/Thaw.app/Contents/embedded.provisionprofile'>}
2026-03-31 04:15:43 +0000  Processing step: IDEDistributionCreateManifestStep
2026-03-31 04:15:43 +0000  Skipping step: IDEDistributionCreateManifestStep because it said so
